Archive member included because of file (symbol)

c:/progra~2/vt3/resour~1/mingw/bin/../lib/gcc/i686-w64-mingw32/4.8.0/../../../../i686-w64-mingw32/lib/../lib/libmingw32.a(lib32_libmingw32_a-_newmode.o)
                              c:/progra~2/vt3/resour~1/mingw/bin/../lib/gcc/i686-w64-mingw32/4.8.0/../../../../i686-w64-mingw32/lib/../lib/crt2.o (_newmode)
c:/progra~2/vt3/resour~1/mingw/bin/../lib/gcc/i686-w64-mingw32/4.8.0/../../../../i686-w64-mingw32/lib/../lib/libmingw32.a(lib32_libmingw32_a-wildcard.o)
                              c:/progra~2/vt3/resour~1/mingw/bin/../lib/gcc/i686-w64-mingw32/4.8.0/../../../../i686-w64-mingw32/lib/../lib/crt2.o (_dowildcard)
c:/progra~2/vt3/resour~1/mingw/bin/../lib/gcc/i686-w64-mingw32/4.8.0/../../../../i686-w64-mingw32/lib/../lib/libmingw32.a(lib32_libmingw32_a-tlssup.o)
                              c:/progra~2/vt3/resour~1/mingw/bin/../lib/gcc/i686-w64-mingw32/4.8.0/../../../../i686-w64-mingw32/lib/../lib/crt2.o (mingw_initltssuo_force)
c:/progra~2/vt3/resour~1/mingw/bin/../lib/gcc/i686-w64-mingw32/4.8.0/../../../../i686-w64-mingw32/lib/../lib/libmingw32.a(lib32_libmingw32_a-charmax.o)
                              c:/progra~2/vt3/resour~1/mingw/bin/../lib/gcc/i686-w64-mingw32/4.8.0/../../../../i686-w64-mingw32/lib/../lib/crt2.o (mingw_initcharmax)
c:/progra~2/vt3/resour~1/mingw/bin/../lib/gcc/i686-w64-mingw32/4.8.0/../../../../i686-w64-mingw32/lib/../lib/libmingw32.a(lib32_libmingw32_a-mingw_helpers.o)
                              c:/progra~2/vt3/resour~1/mingw/bin/../lib/gcc/i686-w64-mingw32/4.8.0/../../../../i686-w64-mingw32/lib/../lib/crt2.o (_encode_pointer)
c:/progra~2/vt3/resour~1/mingw/bin/../lib/gcc/i686-w64-mingw32/4.8.0/../../../../i686-w64-mingw32/lib/../lib/libmingw32.a(lib32_libmingw32_a-xtxtmode.o)
                              c:/progra~2/vt3/resour~1/mingw/bin/../lib/gcc/i686-w64-mingw32/4.8.0/../../../../i686-w64-mingw32/lib/../lib/crt2.o (_fmode)
c:/progra~2/vt3/resour~1/mingw/bin/../lib/gcc/i686-w64-mingw32/4.8.0/../../../../i686-w64-mingw32/lib/../lib/libmingw32.a(lib32_libmingw32_a-atonexit.o)
                              c:/progra~2/vt3/resour~1/mingw/bin/../lib/gcc/i686-w64-mingw32/4.8.0/../../../../i686-w64-mingw32/lib/../lib/crt2.o (__onexitbegin)
c:/progra~2/vt3/resour~1/mingw/bin/../lib/gcc/i686-w64-mingw32/4.8.0/../../../../i686-w64-mingw32/lib/../lib/libmingw32.a(lib32_libmingw32_a-natstart.o)
                              c:/progra~2/vt3/resour~1/mingw/bin/../lib/gcc/i686-w64-mingw32/4.8.0/../../../../i686-w64-mingw32/lib/../lib/crt2.o (__native_startup_lock)
c:/progra~2/vt3/resour~1/mingw/bin/../lib/gcc/i686-w64-mingw32/4.8.0/../../../../i686-w64-mingw32/lib/../lib/libmingw32.a(lib32_libmingw32_a-crt_handler.o)
                              c:/progra~2/vt3/resour~1/mingw/bin/../lib/gcc/i686-w64-mingw32/4.8.0/../../../../i686-w64-mingw32/lib/../lib/crt2.o (_gnu_exception_handler@4)
c:/progra~2/vt3/resour~1/mingw/bin/../lib/gcc/i686-w64-mingw32/4.8.0/../../../../i686-w64-mingw32/lib/../lib/libmingw32.a(lib32_libmingw32_a-cinitexe.o)
                              c:/progra~2/vt3/resour~1/mingw/bin/../lib/gcc/i686-w64-mingw32/4.8.0/../../../../i686-w64-mingw32/lib/../lib/crt2.o (__xc_z)
c:/progra~2/vt3/resour~1/mingw/bin/../lib/gcc/i686-w64-mingw32/4.8.0/../../../../i686-w64-mingw32/lib/../lib/libmingw32.a(lib32_libmingw32_a-merr.o)
                              c:/progra~2/vt3/resour~1/mingw/bin/../lib/gcc/i686-w64-mingw32/4.8.0/../../../../i686-w64-mingw32/lib/../lib/crt2.o (__mingw_setusermatherr)
c:/progra~2/vt3/resour~1/mingw/bin/../lib/gcc/i686-w64-mingw32/4.8.0/../../../../i686-w64-mingw32/lib/../lib/libmingw32.a(lib32_libmingw32_a-dllargv.o)
                              c:/progra~2/vt3/resour~1/mingw/bin/../lib/gcc/i686-w64-mingw32/4.8.0/../../../../i686-w64-mingw32/lib/../lib/crt2.o (_setargv)
c:/progra~2/vt3/resour~1/mingw/bin/../lib/gcc/i686-w64-mingw32/4.8.0/../../../../i686-w64-mingw32/lib/../lib/libmingw32.a(lib32_libmingw32_a-pseudo-reloc.o)
                              c:/progra~2/vt3/resour~1/mingw/bin/../lib/gcc/i686-w64-mingw32/4.8.0/../../../../i686-w64-mingw32/lib/../lib/crt2.o (_pei386_runtime_relocator)
c:/progra~2/vt3/resour~1/mingw/bin/../lib/gcc/i686-w64-mingw32/4.8.0/../../../../i686-w64-mingw32/lib/../lib/libmingw32.a(lib32_libmingw32_a-pesect.o)
                              c:/progra~2/vt3/resour~1/mingw/bin/../lib/gcc/i686-w64-mingw32/4.8.0/../../../../i686-w64-mingw32/lib/../lib/libmingw32.a(lib32_libmingw32_a-pseudo-reloc.o) (__mingw_GetSectionForAddress)
c:/progra~2/vt3/resour~1/mingw/bin/../lib/gcc/i686-w64-mingw32/4.8.0/../../../../i686-w64-mingw32/lib/../lib/libmingw32.a(lib32_libmingw32_a-CRT_fp10.o)
                              c:/progra~2/vt3/resour~1/mingw/bin/../lib/gcc/i686-w64-mingw32/4.8.0/../../../../i686-w64-mingw32/lib/../lib/crt2.o (_fpreset)
[...]
Memory Configuration

Name             Origin             Length             Attributes
*default*        0x00000000         0xffffffff

Linker script and memory map

                0x00400000                __image_base__ = 0x400000
                0x00000000                __dll__ = 0x0
                0x00400000                ___ImageBase = 0x400000
                0x00001000                __section_alignment__ = 0x1000
                0x00000200                __file_alignment__ = 0x200
                0x00000004                __major_os_version__ = 0x4
                0x00000000                __minor_os_version__ = 0x0
                0x00000001                __major_image_version__ = 0x1
                0x00000000                __minor_image_version__ = 0x0
                0x00000004                __major_subsystem_version__ = 0x4
                0x00000000                __minor_subsystem_version__ = 0x0
                0x00000002                __subsystem__ = 0x2
                0x00200000                __size_of_stack_reserve__ = 0x200000
                0x00001000                __size_of_stack_commit__ = 0x1000
                0x00100000                __size_of_heap_reserve__ = 0x100000
                0x00001000                __size_of_heap_commit__ = 0x1000
                0x00000000                __loader_flags__ = 0x0
                0x00000000                __dll_characteristics__ = 0x0
LOAD c:/progra~2/vt3/resour~1/mingw/bin/../lib/gcc/i686-w64-mingw32/4.8.0/../../../../i686-w64-mingw32/lib/../lib/crt2.o
LOAD c:/progra~2/vt3/resour~1/mingw/bin/../lib/gcc/i686-w64-mingw32/4.8.0/crtbegin.o
LOAD C:\Users\Mert\Desktop\ARA_YA~1\YAE8E3~1\26072019\SW_YAL~1\code\NMS_GUI\link.txt
LOAD vt3_code\vt3_lang.o
LOAD vt3_code\vt3_fonts.o
LOAD vt3_code\vt3_IO.o
LOAD vt3_code\vt3_alarms.o
LOAD vt3_code\vt3_POU__global_data.o
LOAD vt3_code\vt3_POU__cycle.o
LOAD vt3_code\vt3_POU_common.o
LOAD vt3_code\vt3_vars.o
LOAD vt3_code\vt3_signature.o
LOAD vt3_code\vt3_disp_events.o
LOAD vt3_code\vt3_images.o
LOAD vt3_code\vt3_CAN.o
LOAD vt3_code\vt3_disp.o
LOAD extra\vt3_extra.o
LOAD c:/progra~2/vt3/resour~1/mingw/bin/../lib/gcc/i686-w64-mingw32/4.8.0/../../../../i686-w64-mingw32/lib/../lib/libglu32.a
LOAD c:/progra~2/vt3/resour~1/mingw/bin/../lib/gcc/i686-w64-mingw32/4.8.0/../../../../i686-w64-mingw32/lib/../lib/libopengl32.a
LOAD c:/progra~2/vt3/resour~1/mingw/bin/../lib/gcc/i686-w64-mingw32/4.8.0/../../../../i686-w64-mingw32/lib/../lib/libgdi32.a
LOAD c:/progra~2/vt3/resour~1/mingw/bin/../lib/gcc/i686-w64-mingw32/4.8.0/../../../../i686-w64-mingw32/lib/../lib/libuser32.a
LOAD c:/progra~2/vt3/resour~1/mingw/bin/../lib/gcc/i686-w64-mingw32/4.8.0/../../../../i686-w64-mingw32/lib/../lib/libmingw32.a
LOAD c:/progra~2/vt3/resour~1/mingw/bin/../lib/gcc/i686-w64-mingw32/4.8.0/../../../../lib/libqtmain.a
LOAD C:/Program Files (x86)/vt3/resources/targets/PC_Windows/lib/libvt3.a
LOAD c:/progra~2/vt3/resour~1/mingw/bin/../lib/gcc/i686-w64-mingw32/4.8.0/../../../../lib/libQt5Widgets.a
LOAD c:/progra~2/vt3/resour~1/mingw/bin/../lib/gcc/i686-w64-mingw32/4.8.0/../../../../lib/libQt5Gui.a
LOAD c:/progra~2/vt3/resour~1/mingw/bin/../lib/gcc/i686-w64-mingw32/4.8.0/../../../../lib/libQt5Core.a
LOAD c:/progra~2/vt3/resour~1/mingw/bin/../lib/gcc/i686-w64-mingw32/4.8.0/libstdc++.dll.a
LOAD c:/progra~2/vt3/resour~1/mingw/bin/../lib/gcc/i686-w64-mingw32/4.8.0/../../../../i686-w64-mingw32/lib/../lib/libmingwthrd.a
LOAD c:/progra~2/vt3/resour~1/mingw/bin/../lib/gcc/i686-w64-mingw32/4.8.0/../../../../i686-w64-mingw32/lib/../lib/libmingw32.a
LOAD c:/progra~2/vt3/resour~1/mingw/bin/../lib/gcc/i686-w64-mingw32/4.8.0/../../../../i686-w64-mingw32/lib/../lib/libgcc_s.a
LOAD c:/progra~2/vt3/resour~1/mingw/bin/../lib/gcc/i686-w64-mingw32/4.8.0/libgcc.a
LOAD c:/progra~2/vt3/resour~1/mingw/bin/../lib/gcc/i686-w64-mingw32/4.8.0/../../../../i686-w64-mingw32/lib/../lib/libmoldname.a
LOAD c:/progra~2/vt3/resour~1/mingw/bin/../lib/gcc/i686-w64-mingw32/4.8.0/../../../../i686-w64-mingw32/lib/../lib/libmingwex.a
LOAD c:/progra~2/vt3/resour~1/mingw/bin/../lib/gcc/i686-w64-mingw32/4.8.0/../../../../i686-w64-mingw32/lib/../lib/libmsvcrt.a
LOAD c:/progra~2/vt3/resour~1/mingw/bin/../lib/gcc/i686-w64-mingw32/4.8.0/../../../../i686-w64-mingw32/lib/../lib/libpthread.dll.a
LOAD c:/progra~2/vt3/resour~1/mingw/bin/../lib/gcc/i686-w64-mingw32/4.8.0/../../../../i686-w64-mingw32/lib/../lib/libadvapi32.a
LOAD c:/progra~2/vt3/resour~1/mingw/bin/../lib/gcc/i686-w64-mingw32/4.8.0/../../../../i686-w64-mingw32/lib/../lib/libshell32.a
LOAD c:/progra~2/vt3/resour~1/mingw/bin/../lib/gcc/i686-w64-mingw32/4.8.0/../../../../i686-w64-mingw32/lib/../lib/libuser32.a
LOAD c:/progra~2/vt3/resour~1/mingw/bin/../lib/gcc/i686-w64-mingw32/4.8.0/../../../../i686-w64-mingw32/lib/../lib/libkernel32.a
LOAD c:/progra~2/vt3/resour~1/mingw/bin/../lib/gcc/i686-w64-mingw32/4.8.0/../../../../i686-w64-mingw32/lib/../lib/libiconv.a
LOAD c:/progra~2/vt3/resour~1/mingw/bin/../lib/gcc/i686-w64-mingw32/4.8.0/../../../../i686-w64-mingw32/lib/../lib/libmingwthrd.a
LOAD c:/progra~2/vt3/resour~1/mingw/bin/../lib/gcc/i686-w64-mingw32/4.8.0/../../../../i686-w64-mingw32/lib/../lib/libmingw32.a
LOAD c:/progra~2/vt3/resour~1/mingw/bin/../lib/gcc/i686-w64-mingw32/4.8.0/../../../../i686-w64-mingw32/lib/../lib/libgcc_s.a
LOAD c:/progra~2/vt3/resour~1/mingw/bin/../lib/gcc/i686-w64-mingw32/4.8.0/libgcc.a
LOAD c:/progra~2/vt3/resour~1/mingw/bin/../lib/gcc/i686-w64-mingw32/4.8.0/../../../../i686-w64-mingw32/lib/../lib/libmoldname.a
LOAD c:/progra~2/vt3/resour~1/mingw/bin/../lib/gcc/i686-w64-mingw32/4.8.0/../../../../i686-w64-mingw32/lib/../lib/libmingwex.a
LOAD c:/progra~2/vt3/resour~1/mingw/bin/../lib/gcc/i686-w64-mingw32/4.8.0/../../../../i686-w64-mingw32/lib/../lib/libmsvcrt.a
LOAD c:/progra~2/vt3/resour~1/mingw/bin/../lib/gcc/i686-w64-mingw32/4.8.0/crtend.o
                0x00000380                . = SIZEOF_HEADERS
                0x00001000                . = ALIGN (__section_alignment__)

.text           0x00401000    0x44000
 *(.init)
 *(.text)
 .text          0x00401000      0x500 c:/progra~2/vt3/resour~1/mingw/bin/../lib/gcc/i686-w64-mingw32/4.8.0/../../../../i686-w64-mingw32/lib/../lib/crt2.o
                0x004014c0                WinMainCRTStartup
                0x004014e0                mainCRTStartup
 .text          0x00401500       0xf0 c:/progra~2/vt3/resour~1/mingw/bin/../lib/gcc/i686-w64-mingw32/4.8.0/crtbegin.o
                0x00401500                __gcc_register_frame
                0x004015a0                __gcc_deregister_frame
 .text          0x004015f0       0x4c vt3_code\vt3_lang.o
                0x004015f0                TRANSLATE(unsigned short, unsigned short)
 .text          0x0040163c       0x44 vt3_code\vt3_fonts.o
                0x0040163c                vt3_load_all_fonts()
 .text          0x00401680        0xc vt3_code\vt3_IO.o
                0x00401680                vt3_IO_init()
                0x00401685                vt3_IO_cycle()
 .text          0x0040168c        0x0 vt3_code\vt3_alarms.o
 .text          0x0040168c       0x48 vt3_code\vt3_POU__global_data.o
                0x0040168c                global_data__init()
 .text          0x004016d4       0xd8 vt3_code\vt3_POU__cycle.o
                0x004016d4                cycle__init()
                0x00401727                cycle__call()
 .text          0x004017ac       0x2c vt3_code\vt3_POU_common.o
                0x004017be                vt3_idle_task()
                0x004017c3                vt3_init_all_pous()
 .text          0x004017d8        0x0 vt3_code\vt3_vars.o
 .text          0x004017d8        0x0 vt3_code\vt3_signature.o
 .text          0x004017d8     0x1d9c vt3_code\vt3_disp_events.o
                0x004017d8                vt3_event_ind_screen_frame(unsigned char)
                0x004017e6                vt3_event_ind_screen(unsigned char)
                0x00402b19                vt3_event_ind_screen_multiscreen(unsigned char, vt3_indicator_SubScreen*)
                0x00402b2e                vt3_event_ind_screen_multiscreen_0_service_brake_tank_1_fb(unsigned char, vt3_indicator_Number*)
                0x00402b4c                vt3_event_ind_screen_multiscreen_0_service_brake_tank_2_fb(unsigned char, vt3_indicator_Number*)
                0x00402b6a                vt3_event_ind_screen_multiscreen_0_park_brake_tank_fb(unsigned char, vt3_indicator_Number*)
                0x00402b88                vt3_event_ind_screen_multiscreen_0_accessory_tank_fb(unsigned char, vt3_indicator_Number*)
                0x00402ba6                vt3_event_ind_screen_multiscreen_0_hydraulic_tank_pressure_fb(unsigned char, vt3_indicator_Number*)
                0x00402bc4                vt3_event_ind_screen_multiscreen_0_fuel_level_left_fb(unsigned char, vt3_indicator_Number*)
                0x00402be2                vt3_event_ind_screen_multiscreen_0_fuel_level_right_fb(unsigned char, vt3_indicator_Number*)
                0x00402c00                vt3_event_ind_screen_multiscreen_0_fuel_temp_left_fb(unsigned char, vt3_indicator_Number*)
                0x00402c1e                vt3_event_ind_screen_multiscreen_0_fuel_temp_right_fb(unsigned char, vt3_indicator_Number*)
                0x00402c3c                vt3_event_ind_screen_multiscreen_0_hydraulic_tank_temp_fb(unsigned char, vt3_indicator_Number*)
                0x00402c5a                vt3_event_ind_screen_multiscreen_0_service_brake_tank_1_input(unsigned char, vt3_indicator_NumberEditable*)
                0x00402ca9                vt3_event_ind_screen_multiscreen_0_service_brake_tank_2_input(unsigned char, vt3_indicator_NumberEditable*)
                0x00402cf8                vt3_event_ind_screen_multiscreen_0_park_brake_tank_input(unsigned char, vt3_indicator_NumberEditable*)
                0x00402d47                vt3_event_ind_screen_multiscreen_0_accessory_tank_input(unsigned char, vt3_indicator_NumberEditable*)
                0x00402d96                vt3_event_ind_screen_multiscreen_0_hydraulic_tank_pressure_input(unsigned char, vt3_indicator_NumberEditable*)
                0x00402ded                vt3_event_ind_screen_multiscreen_0_fuel_level_left_input(unsigned char, vt3_indicator_NumberEditable*)
                0x00402e44                vt3_event_ind_screen_multiscreen_0_fuel_level_right_input(unsigned char, vt3_indicator_NumberEditable*)
                0x00402e9b                vt3_event_ind_screen_multiscreen_0_fuel_temp_left_input(unsigned char, vt3_indicator_NumberEditable*)
                0x00402ef2                vt3_event_ind_screen_multiscreen_0_fuel_temp_right_input(unsigned char, vt3_indicator_NumberEditable*)
                0x00402f49                vt3_event_ind_screen_multiscreen_0_hydraulic_tank_temp_input(unsigned char, vt3_indicator_NumberEditable*)
                0x00402fa0                vt3_event_ind_screen_multiscreen_0_service_brake_tank_1(unsigned char, vt3_indicator_SimpleText*)
                0x00402fce                vt3_event_ind_screen_multiscreen_0_service_brake_tank_2(unsigned char, vt3_indicator_SimpleText*)
                0x00402ffc                vt3_event_ind_screen_multiscreen_0_park_brake_tank(unsigned char, vt3_indicator_SimpleText*)
                0x0040302a                vt3_event_ind_screen_multiscreen_0_accessory_tank(unsigned char, vt3_indicator_SimpleText*)
                0x00403058                vt3_event_ind_screen_multiscreen_0_hydraulic_tank_pressure(unsigned char, vt3_indicator_SimpleText*)
                0x00403086                vt3_event_ind_screen_multiscreen_0_fuel_level_left(unsigned char, vt3_indicator_SimpleText*)
                0x004030b4                vt3_event_ind_screen_multiscreen_0_fuel_level_right(unsigned char, vt3_indicator_SimpleText*)
                0x004030e2                vt3_event_ind_screen_multiscreen_0_fuel_temp_left(unsigned char, vt3_indicator_SimpleText*)
                0x00403110                vt3_event_ind_screen_multiscreen_0_fuel_temp_right(unsigned char, vt3_indicator_SimpleText*)
                0x0040313e                vt3_event_ind_screen_multiscreen_0_hydraulic_tank_temp(unsigned char, vt3_indicator_SimpleText*)
                0x0040316c                vt3_event_ind_screen_multiscreen_0_service_break_tank_1_raw_fb(unsigned char, vt3_indicator_Number*)
                0x0040318a                vt3_event_ind_screen_multiscreen_0_service_break_tank_2_raw_fb(unsigned char, vt3_indicator_Number*)
                0x004031a8                vt3_event_ind_screen_multiscreen_0_park_break_tank_raw_fb(unsigned char, vt3_indicator_Number*)
                0x004031c6                vt3_event_ind_screen_multiscreen_0_accessory_tank_raw_fb(unsigned char, vt3_indicator_Number*)
                0x004031e4                vt3_event_ind_screen_multiscreen_0_hydraulic_tank_pressure_raw_fb(unsigned char, vt3_indicator_Number*)
                0x00403202                vt3_event_ind_screen_multiscreen_0_fuel_level_left_raw_fb(unsigned char, vt3_indicator_Number*)
                0x00403220                vt3_event_ind_screen_multiscreen_0_fuel_level_right_raw_fb(unsigned char, vt3_indicator_Number*)
                0x0040323e                vt3_event_ind_screen_multiscreen_0_fuel_temp_left_raw_fb(unsigned char, vt3_indicator_Number*)
                0x0040325c                vt3_event_ind_screen_multiscreen_0_fuel_temp_right_raw_fb(unsigned char, vt3_indicator_Number*)
                0x0040327a                vt3_event_ind_screen_multiscreen_0_hydraulic_tank_temp_raw_fb(unsigned char, vt3_indicator_Number*)
                0x00403298                vt3_event_ind_screen_multiscreen_0_alarm_icon_service_tank_1(unsigned char, vt3_indicator_MultiBitmap*)
                0x004032b3                vt3_event_ind_screen_multiscreen_0_insufficient_pressure_service_tank_1(unsigned char, vt3_indicator_MultiText*)
                0x004032ce                vt3_event_ind_screen_multiscreen_0_alarm_icon_service_tank_2(unsigned char, vt3_indicator_MultiBitmap*)
                0x004032e9                vt3_event_ind_screen_multiscreen_0_insufficient_pressure_service_tank_2(unsigned char, vt3_indicator_MultiText*)
                0x00403304                vt3_event_ind_screen_multiscreen_0_alarm_icon_park_tank(unsigned char, vt3_indicator_MultiBitmap*)
                0x0040331f                vt3_event_ind_screen_multiscreen_0_insufficient_pressure_park_tank(unsigned char, vt3_indicator_MultiText*)
                0x0040333a                vt3_event_ind_screen_multiscreen_0_alarm_icon_accessory_tank(unsigned char, vt3_indicator_MultiBitmap*)
                0x00403355                vt3_event_ind_screen_multiscreen_0_insufficient_pressure_accessory_tank(unsigned char, vt3_indicator_MultiText*)
                0x00403370                vt3_event_ind_screen_multiscreen_3(unsigned char, vt3_indicator_SubScreen*)
                0x00403385                vt3_event_ind_screen_multiscreen_3_0_difflock_mid_fb(unsigned char, vt3_indicator_MultiBitmap*)
                0x004033a0                vt3_event_ind_screen_multiscreen_3_0_difflock_rear_fb(unsigned char, vt3_indicator_MultiBitmap*)
                0x004033bb                vt3_event_ind_screen_multiscreen_3_0_difflock_front_fb(unsigned char, vt3_indicator_MultiBitmap*)
                0x004033d6                vt3_event_ind_screen_multiscreen_3_0_dropbox_H_fb(unsigned char, vt3_indicator_MultiBitmap*)
                0x004033f1                vt3_event_ind_screen_multiscreen_3_0_dropbox_N_fb(unsigned char, vt3_indicator_MultiBitmap*)
                0x0040340c                vt3_event_ind_screen_multiscreen_3_0_dropbox_L_fb(unsigned char, vt3_indicator_MultiBitmap*)
                0x00403427                vt3_event_ind_screen_multiscreen_3_0_dropbox(unsigned char, vt3_indicator_SimpleText*)
                0x0040343f                vt3_event_ind_screen_multiscreen_3_0_diff_lock(unsigned char, vt3_indicator_SimpleText*)
                0x00403457                vt3_event_ind_screen_multiscreen_3_0_alarm_icon_accessory_tank(unsigned char, vt3_indicator_MultiBitmap*)
                0x00403472                vt3_event_ind_screen_multiscreen_3_0_insufficient_pressure_accessory_tank(unsigned char, vt3_indicator_MultiText*)
                0x0040348d                vt3_event_ind_screen_multiscreen_3_0_difflock_mid_txt(unsigned char, vt3_indicator_SimpleText*)
                0x004034bb                vt3_event_ind_screen_multiscreen_3_0_difflock_rear_txt(unsigned char, vt3_indicator_SimpleText*)
                0x004034e9                vt3_event_ind_screen_multiscreen_3_0_difflock_front_txt(unsigned char, vt3_indicator_SimpleText*)
                0x00403517                vt3_event_ind_screen_multiscreen_4(unsigned char, vt3_indicator_SubScreen*)
                0x0040352c                vt3_event_ind_screen_multiscreen_2(unsigned char, vt3_indicator_SubScreen*)
                0x00403541                vt3_event_ind_screen_simple_text(unsigned char, vt3_indicator_SimpleText*)
                0x00403559                vt3_event_ind_screen_simple_text_2(unsigned char, vt3_indicator_SimpleText*)
 .text          0x00403574        0x0 vt3_code\vt3_images.o
 .text          0x00403574      0xf08 vt3_code\vt3_CAN.o
                0x00403987                vt3_can_CanInterface_init()
                0x00403abf                vt3_can_CanInterface_rx()
                0x00403d1a                vt3_can_CanInterface_tx()
                0x004043e6                vt3_can_init()
                0x004043f3                vt3_can_rx()
                0x0040446e                vt3_can_tx()
 .text          0x0040447c      0xf7c vt3_code\vt3_disp.o
                0x0040447c                vt3_init_ind_screen_frame()
                0x004044bf                vt3_draw_ind_screen_frame(unsigned char)
                0x00404506                vt3_init_ind_screen()
                0x00404549                vt3_draw_ind_screen(unsigned char)
                0x004052ba                vt3_disp_init()
                0x004052f5                vt3_disp_draw()
 .text          0x004053f8        0x0 extra\vt3_extra.o
 .text          0x004053f8        0x0 c:/progra~2/vt3/resour~1/mingw/bin/../lib/gcc/i686-w64-mingw32/4.8.0/../../../../i686-w64-mingw32/lib/../lib/libmingw32.a(lib32_libmingw32_a-_newmode.o)
 .text          0x004053f8        0x0 c:/progra~2/vt3/resour~1/mingw/bin/../lib/gcc/i686-w64-mingw32/4.8.0/../../../../i686-w64-mingw32/lib/../lib/libmingw32.a(lib32_libmingw32_a-wildcard.o)
 *fill*         0x004053f8        0x8 
 .text          0x00405400       0xe0 c:/progra~2/vt3/resour~1/mingw/bin/../lib/gcc/i686-w64-mingw32/4.8.0/../../../../i686-w64-mingw32/lib/../lib/libmingw32.a(lib32_libmingw32_a-tlssup.o)
                0x00405450                __dyn_tls_init@12
                0x004054d0                __tlregdtor
 .text          0x004054e0       0x10 c:/progra~2/vt3/resour~1/mingw/bin/../lib/gcc/i686-w64-mingw32/4.8.0/../../../../i686-w64-mingw32/lib/../lib/libmingw32.a(lib32_libmingw32_a-charmax.o)
 .text          0x004054f0       0x20 c:/progra~2/vt3/resour~1/mingw/bin/../lib/gcc/i686-w64-mingw32/4.8.0/../../../../i686-w64-mingw32/lib/../lib/libmingw32.a(lib32_libmingw32_a-mingw_helpers.o)
                0x004054f0                _decode_pointer
                0x00405500                _encode_pointer
 .text          0x00405510        0x0 c:/progra~2/vt3/resour~1/mingw/bin/../lib/gcc/i686-w64-mingw32/4.8.0/../../../../i686-w64-mingw32/lib/../lib/libmingw32.a(lib32_libmingw32_a-xtxtmode.o)
 .text          0x00405510       0xe0 c:/progra~2/vt3/resour~1/mingw/bin/../lib/gcc/i686-w64-mingw32/4.8.0/../../../../i686-w64-mingw32/lib/../lib/libmingw32.a(lib32_libmingw32_a-atonexit.o)
                0x00405510                mingw_onexit
                0x004055d0                atexit
 .text          0x004055f0        0x0 c:/progra~2/vt3/resour~1/mingw/bin/../lib/gcc/i686-w64-mingw32/4.8.0/../../../../i686-w64-mingw32/lib/../lib/libmingw32.a(lib32_libmingw32_a-natstart.o)
 .text          0x004055f0      0x160 c:/progra~2/vt3/resour~1/mingw/bin/../lib/gcc/i686-w64-mingw32/4.8.0/../../../../i686-w64-mingw32/lib/../lib/libmingw32.a(lib32_libmingw32_a-crt_handler.o)
                0x004055f0                _gnu_exception_handler@4
 .text          0x00405750        0x0 c:/progra~2/vt3/resour~1/mingw/bin/../lib/gcc/i686-w64-mingw32/4.8.0/../../../../i686-w64-mingw32/lib/../lib/libmingw32.a(lib32_libmingw32_a-cinitexe.o)
 .text          0x00405750       0xc0 c:/progra~2/vt3/resour~1/mingw/bin/../lib/gcc/i686-w64-mingw32/4.8.0/../../../../i686-w64-mingw32/lib/../lib/libmingw32.a(lib32_libmingw32_a-merr.o)
                0x00405750                __mingw_raise_matherr
                0x004057a0                __mingw_setusermatherr
                0x004057b0                _matherr
 .text          0x00405810       0x10 c:/progra~2/vt3/resour~1/mingw/bin/../lib/gcc/i686-w64-mingw32/4.8.0/../../../../i686-w64-mingw32/lib/../lib/libmingw32.a(lib32_libmingw32_a-dllargv.o)
                0x00405810                _setargv
 .text          0x00405820      0x550 c:/progra~2/vt3/resour~1/mingw/bin/../lib/gcc/i686-w64-mingw32/4.8.0/../../../../i686-w64-mingw32/lib/../lib/libmingw32.a(lib32_libmingw32_a-pseudo-reloc.o)
                0x00405ac0                _pei386_runtime_relocator
 .text          0x00405d70      0x3a0 c:/progra~2/vt3/resour~1/mingw/bin/../lib/gcc/i686-w64-mingw32/4.8.0/../../../../i686-w64-mingw32/lib/../lib/libmingw32.a(lib32_libmingw32_a-pesect.o)
                0x00405d70                _ValidateImageBase
                0x00405da0                _FindPESection
                0x00405de0                _FindPESectionByName
                0x00405e70                __mingw_GetSectionForAddress
                0x00405eb0                __mingw_GetSectionCount
                0x00405ee0                _FindPESectionExec
                0x00405f40                _GetPEImageBase
                0x00405f70                _IsNonwritableInCurrentImage
                0x00405fc0                __mingw_enum_import_library_names
                0x00406050                __mingw_get_msvcrt_handle
 .text          0x00406110       0x10 c:/progra~2/vt3/resour~1/mingw/bin/../lib/gcc/i686-w64-mingw32/4.8.0/../../../../i686-w64-mingw32/lib/../lib/libmingw32.a(lib32_libmingw32_a-CRT_fp10.o)
                0x00406110                fpreset
                0x00406110                _fpreset
 .text          0x00406120       0xa0 c:/progra~2/vt3/resour~1/mingw/bin/../lib/gcc/i686-w64-mingw32/4.8.0/../../../../i686-w64-mingw32/lib/../lib/libmingw32.a(lib32_libmingw32_a-gccmain.o)
                0x00406120                __do_global_dtors
                0x00406150                __do_global_ctors
                0x004061a0                __main
 .text          0x004061c0        0x0 c:/progra~2/vt3/resour~1/mingw/bin/../lib/gcc/i686-w64-mingw32/4.8.0/../../../../i686-w64-mingw32/lib/../lib/libmingw32.a(lib32_libmingw32_a-crt0_c.o)
 .text          0x004061c0      0x160 c:/progra~2/vt3/resour~1/mingw/bin/../lib/gcc/i686-w64-mingw32/4.8.0/../../../../i686-w64-mingw32/lib/../lib/libmingw32.a(lib32_libmingw32_a-gs_support.o)
                0x004061c0                __security_init_cookie
                0x00406290                __report_gsfailure
 .text          0x00406320        0x0 c:/progra~2/vt3/resour~1/mingw/bin/../lib/gcc/i686-w64-mingw32/4.8.0/../../../../i686-w64-mingw32/lib/../lib/libmingw32.a(lib32_libmingw32_a-tlsmcrt.o)
 .text          0x00406320      0x240 c:/progra~2/vt3/resour~1/mingw/bin/../lib/gcc/i686-w64-mingw32/4.8.0/../../../../i686-w64-mingw32/lib/../lib/libmingw32.a(lib32_libmingw32_a-tlsthrd.o)
                0x00406390                ___w64_mingwthr_add_key_dtor
                0x00406420                ___w64_mingwthr_remove_key_dtor
                0x004064c0                __mingw_TLScallback
 .text          0x00406560        0x0 c:/progra~2/vt3/resour~1/mingw/bin/../lib/gcc/i686-w64-mingw32/4.8.0/../../../../i686-w64-mingw32/lib/../lib/libmingw32.a(lib32_libmingw32_a-pseudo-reloc-list.o)
 .text          0x00406560      0x280 c:/progra~2/vt3/resour~1/mingw/bin/../lib/gcc/i686-w64-mingw32/4.8.0/../../../../lib/libqtmain.a(qtmain_win.o)
                0x00406560                WinMain@16
 .text          0x004067e0     0xf690 C:/Program Files (x86)/vt3/resources/targets/PC_Windows/lib/libvt3.a(vt3_lcd_qt.o)
                0x004072c0                is_same_color(vt3Color, vt3Color)
                0x00407300                is_color_null(vt3Color)
                0x00407330                is_color_transparent(vt3Color)
                0x00407370                is_color_valid(vt3Color)
                0x004073c0                vt3_schedule(unsigned char, unsigned short, unsigned short*)
                0x004073f0                LcdRefresh()
                0x00407400                vt3_set_focus_null()
                0x00407440                vt3_draw_on_screen_keyboard()
                0x00407450                LcdDrawBox(unsigned int, unsigned int, unsigned int, unsigned int, vt3Color)
                0x00407940                LcdLine(unsigned int, unsigned int, unsigned int, unsigned int, vt3Color)
                0x00407a50                LcdLineLimitW(unsigned int, unsigned int, unsigned int, unsigned int, vt3Color, unsigned int, unsigned int, unsigned int, unsigned int, unsigned int)
                0x00407f40                LcdRectangle(unsigned int, unsigned int, unsigned int, unsigned int, vt3Color, vt3Color)
                0x004081e0                LcdRectangleWH(unsigned int, unsigned int, unsigned int, unsigned int, vt3Color, vt3Color)
                0x00408250                vt3_draw_indicator_SimpleCircle(unsigned char, vt3_indicator_SimpleCircle*)
                0x004085d0                vt3_draw_indicator_SimpleTriangle(unsigned char, vt3_indicator_SimpleTriangle*)
                0x00408a40                vt3_draw_indicator_SimpleLine(unsigned char, vt3_indicator_SimpleLine*)
                0x00408af0                vt3_draw_indicator_SimpleRect(unsigned char, vt3_indicator_SimpleRect*)
                0x00408e40                vt3_LoadFont(vt3_font*)
                0x00409210                vt3_draw_indicator_Number(unsigned char, vt3_indicator_Number*)
                0x0040a240                vt3_draw_indicator_PlaceHolder(unsigned char, vt3_indicator_PlaceHolder*)
                0x0040a270                GetStrLenFromPixelLen(char const*, vt3_font const*, int)
                0x0040a390                vt3_draw_indicator_AlarmQuick(unsigned char, vt3_indicator_AlarmQuick*)
                0x0040b120                vt3_convert_number_to_string_with_mask(long, STRING1*, unsigned short const*)
                0x0040b260                vt3_convert_string_with_mask_to_number(STRING1*, unsigned short const*)
                0x0040b440                vt3_set_focus_indicator(vt3_indicator_abstract*)
                0x0040b480                vt3_set_focus_indicator(vt3_indicator_SimpleTextEditable*)
                0x0040b490                vt3_set_focus_indicator(vt3_indicator_NumberEditable*)
                0x0040b4a0                vt3_get_focus_indicator()
                0x0040b4b0                vt3_has_focus(vt3_indicator_abstract const*)
                0x0040b4d0                vt3_has_focus(vt3_indicator_SimpleTextEditable const*)
                0x0040b4f0                vt3_has_focus(vt3_indicator_NumberEditable const*)
                0x0040b510                vt3_convert_dword2color(unsigned long)
                0x0040b540                vt3_draw_indicator_Grid(unsigned char, vt3_indicator_Grid*)
                0x0040b8f0                vt3_get_grid_cell_x(vt3_indicator_Grid const*, unsigned short)
                0x0040b920                vt3_get_grid_cell_y(vt3_indicator_Grid const*, unsigned short)
                0x0040b940                vt3_get_grid_cell_w(vt3_indicator_Grid const*, unsigned short)
                0x0040b960                vt3_get_grid_cell_h(vt3_indicator_Grid const*)
                0x0040b970                vt3_get_grid_cell_row(vt3_indicator_Grid const*, unsigned short)
                0x0040b9f0                vt3_get_grid_cell_col(vt3_indicator_Grid const*, unsigned short)
                0x0040ba60                translate_alarm_status(unsigned char)
                0x0040bae0                vt3_draw_indicator_AlarmSummary(unsigned char, vt3_indicator_AlarmSummary*)
                0x0040dad0                vt3_draw_indicator_AlarmLogTable(unsigned char, vt3_indicator_AlarmLogTable*)
                0x0040f7a0                vt3_draw_indicator_AlarmLogDetail(unsigned char, vt3_indicator_AlarmLogDetail*)
                0x00411180                vt3_focus_indicator_search_forward(vt3_indicator_abstract const*, unsigned char)
                0x00411290                vt3_focus_indicator_search_backward(vt3_indicator_abstract const*, unsigned char)
                0x00411360                vt3_set_focus_next()
                0x004113f0                vt3_draw_indicator_SimpleTextEditable(unsigned char, vt3_indicator_SimpleTextEditable*)
                0x00411500                vt3_draw_indicator_NumberEditable(unsigned char, vt3_indicator_NumberEditable*)
                0x00411600                vt3_set_focus_first()
                0x00411630                vt3_set_focus_prev()
                0x004116c0                vt3_look_for_focus_index(unsigned short)
                0x00411770                vt3_set_focus_index(unsigned short)
                0x004124b0                vt3_draw_indicator_MultiText(unsigned char, vt3_indicator_MultiText*)
                0x004125e0                vt3_draw_indicator_SimpleText(unsigned char, vt3_indicator_SimpleText*)
                0x004126b0                LcdSetBacklight(unsigned int)
                0x00412980                vt3_draw_indicator_PhysicalIndicator(unsigned char, vt3_indicator_PhysicalIndicator*)
                0x00412d10                LcdGetImageDimension(int*, int*, unsigned char const*)
                0x00412fa0                LcdDrawIcon(unsigned int, unsigned int, unsigned char const*, unsigned int)
                0x00412fc0                LcdDrawSubIcon(unsigned int, unsigned int, unsigned int, unsigned int, unsigned int, unsigned int, unsigned char const*, unsigned int)
                0x00413350                LcdDrawSubBitMapIcon(unsigned int, unsigned int, unsigned int, unsigned int, unsigned int, unsigned int, vt3Color, vt3Color, unsigned char const*, unsigned int)
                0x004133b0                vt3_draw_image_with_offset(int, int, int, int, int*, int*, unsigned char, vt3_image const*)
                0x00413840                vt3_draw_image(int, int, int, int, unsigned char, vt3_image const*)
                0x004138a0                vt3_draw_indicator_MultiBitmap(unsigned char, vt3_indicator_MultiBitmap*)
                0x00413950                vt3_draw_indicator_Screen(unsigned char, vt3_indicator_ScreenModel*)
                0x004139d0                vt3_draw_indicator_SubScreen(unsigned char, vt3_indicator_SubScreen*)
                0x00413a60                vt3_draw_indicator_Touch(unsigned char, vt3_indicator_Touch*)
                0x004142f0                vt3_draw_indicator_GaugeBar(unsigned char, vt3_indicator_GaugeBar*)
                0x004146a0                LcdDrawBitMapIcon(unsigned int, unsigned int, vt3Color, vt3Color, unsigned char const*, unsigned int)
                0x00414700                vt3_draw_image_haligned(int, int, int, int, unsigned char, vt3_image const*, unsigned char)
                0x00414bd0                vt3_draw_indicator_Menu(unsigned char, vt3_indicator_Menu*)
 .text          0x00415e70    0x124c0 C:/Program Files (x86)/vt3/resources/targets/PC_Windows/lib/libvt3.a(ieclib.o)
                0x00415e80                regression_error_handler(short)
                0x00415f10                runtime_error(unsigned char, short)
                0x00415f30                on_error(short (*)(short))
                0x00415f50                SINT_TO_BOOL(signed char)
                0x00415f80                INT_TO_BOOL(short)
                0x00415fb0                DINT_TO_BOOL(long)
                0x00415fe0                LINT_TO_BOOL(long long)
                0x00416020                USINT_TO_BOOL(unsigned char)
                0x00416050                UINT_TO_BOOL(unsigned short)
                0x00416080                UDINT_TO_BOOL(unsigned long)
                0x004160b0                ULINT_TO_BOOL(unsigned long long)
                0x004160f0                BYTE_TO_BOOL(unsigned char)
                0x00416120                WORD_TO_BOOL(unsigned short)
                0x00416150                DWORD_TO_BOOL(unsigned long)
                0x00416180                LWORD_TO_BOOL(unsigned long long)
                0x004161c0                REAL_TO_BOOL(float)
                0x00416210                LREAL_TO_BOOL(double)
                0x00416260                BOOL_TO_SINT(unsigned char)
                0x00416270                INT_TO_SINT(short)
                0x004162a0                DINT_TO_SINT(long)
                0x004162d0                LINT_TO_SINT(long long)
                0x00416320                USINT_TO_SINT(unsigned char)
                0x00416350                UINT_TO_SINT(unsigned short)
                0x00416370                UDINT_TO_SINT(unsigned long)
                0x00416390                ULINT_TO_SINT(unsigned long long)
                0x004163d0                BYTE_TO_SINT(unsigned char)
                0x00416400                WORD_TO_SINT(unsigned short)
                0x00416420                DWORD_TO_SINT(unsigned long)
                0x00416440                LWORD_TO_SINT(unsigned long long)
                0x00416480                REAL_TO_SINT(float)
                0x004164e0                LREAL_TO_SINT(double)
                0x00416540                DINT_TO_INT(long)
                0x00416570                LINT_TO_INT(long long)
                0x004165c0                UINT_TO_INT(unsigned short)
                0x004165f0                UDINT_TO_INT(unsigned long)
                0x00416620                ULINT_TO_INT(unsigned long long)
                0x00416660                WORD_TO_INT(unsigned short)
                0x00416690                DWORD_TO_INT(unsigned long)
                0x004166c0                LWORD_TO_INT(unsigned long long)
                0x00416700                REAL_TO_INT(float)
                0x00416760                LREAL_TO_INT(double)
                0x004167c0                LINT_TO_DINT(long long)
                0x004167f0                UDINT_TO_DINT(unsigned long)
                0x00416820                ULINT_TO_DINT(unsigned long long)
                0x00416860                DWORD_TO_DINT(unsigned long)
                0x00416890                LWORD_TO_DINT(unsigned long long)
                0x004168d0                REAL_TO_DINT(float)
                0x00416930                LREAL_TO_DINT(double)
                0x00416990                ULINT_TO_LINT(unsigned long long)
                0x004169c0                LWORD_TO_LINT(unsigned long long)
                0x004169f0                REAL_TO_LINT(float)
                0x00416a50                LREAL_TO_LINT(double)
                0x00416ab0                BOOL_TO_USINT(unsigned char)
                0x00416ac0                SINT_TO_USINT(signed char)
                0x00416af0                INT_TO_USINT(short)
                0x00416b10                DINT_TO_USINT(long)
                0x00416b40                LINT_TO_USINT(long long)
                0x00416b80                UINT_TO_USINT(unsigned short)
                0x00416ba0                UDINT_TO_USINT(unsigned long)
                0x00416bd0                ULINT_TO_USINT(unsigned long long)
                0x00416c10                BYTE_TO_USINT(unsigned char)
                0x00416c20                WORD_TO_USINT(unsigned short)
                0x00416c40                DWORD_TO_USINT(unsigned long)
                0x00416c70                LWORD_TO_USINT(unsigned long long)
                0x00416cb0                REAL_TO_USINT(float)
                0x00416d10                LREAL_TO_USINT(double)
                0x00416d60                SINT_TO_UINT(signed char)
                0x00416d90                INT_TO_UINT(short)
                0x00416dc0                DINT_TO_UINT(long)
                0x00416df0                LINT_TO_UINT(long long)
                0x00416e30                USINT_TO_UINT(unsigned char)
                0x00416e40                UDINT_TO_UINT(unsigned long)
                0x00416e70                ULINT_TO_UINT(unsigned long long)
                0x00416eb0                DWORD_TO_UINT(unsigned long)
                0x00416ee0                LWORD_TO_UINT(unsigned long long)
                0x00416f20                REAL_TO_UINT(float)
                0x00416f80                LREAL_TO_UINT(double)
                0x00416fd0                SINT_TO_UDINT(signed char)
                0x00417000                INT_TO_UDINT(short)
                0x00417030                DINT_TO_UDINT(long)
                0x00417060                LINT_TO_UDINT(long long)
                0x00417090                ULINT_TO_UDINT(unsigned long long)
                0x004170c0                LWORD_TO_UDINT(unsigned long long)
                0x004170f0                REAL_TO_UDINT(float)
                0x00417140                LREAL_TO_UDINT(double)
                0x004171a0                SINT_TO_ULINT(signed char)
                0x004171d0                INT_TO_ULINT(short)
                0x00417200                DINT_TO_ULINT(long)
                0x00417230                LINT_TO_ULINT(long long)
                0x00417260                REAL_TO_ULINT(float)
                0x00417320                LREAL_TO_ULINT(double)
                0x004173e0                LREAL_TO_REAL(double)
                0x00417400                SINT_TO_BYTE(signed char)
                0x00417430                INT_TO_BYTE(short)
                0x00417450                DINT_TO_BYTE(long)
                0x00417480                LINT_TO_BYTE(long long)
                0x004174c0                UINT_TO_BYTE(unsigned short)
                0x004174e0                UDINT_TO_BYTE(unsigned long)
                0x00417510                ULINT_TO_BYTE(unsigned long long)
                0x00417550                WORD_TO_BYTE(unsigned short)
                0x00417570                DWORD_TO_BYTE(unsigned long)
                0x004175a0                LWORD_TO_BYTE(unsigned long long)
                0x004175e0                REAL_TO_BYTE(float)
                0x00417640                LREAL_TO_BYTE(double)
                0x00417690                SINT_TO_WORD(signed char)
                0x004176c0                INT_TO_WORD(short)
                0x004176f0                DINT_TO_WORD(long)
                0x00417720                LINT_TO_WORD(long long)
                0x00417760                UDINT_TO_WORD(unsigned long)
                0x00417790                ULINT_TO_WORD(unsigned long long)
                0x004177d0                DWORD_TO_WORD(unsigned long)
                0x00417800                LWORD_TO_WORD(unsigned long long)
                0x00417840                REAL_TO_WORD(float)
                0x004178a0                LREAL_TO_WORD(double)
                0x004178f0                SINT_TO_DWORD(signed char)
                0x00417920                INT_TO_DWORD(short)
                0x00417950                DINT_TO_DWORD(long)
                0x00417980                LINT_TO_DWORD(long long)
                0x004179b0                UDINT_TO_DWORD(unsigned long)
                0x004179c0                ULINT_TO_DWORD(unsigned long long)
                0x004179f0                LWORD_TO_DWORD(unsigned long long)
                0x00417a20                REAL_TO_DWORD(float)
                0x00417a70                LREAL_TO_DWORD(double)
                0x00417ad0                SINT_TO_LWORD(signed char)
                0x00417b00                INT_TO_LWORD(short)
                0x00417b30                DINT_TO_LWORD(long)
                0x00417b60                LINT_TO_LWORD(long long)
                0x00417b90                ULINT_TO_LWORD(unsigned long long)
                0x00417ba0                REAL_TO_LWORD(float)
                0x00417c60                LREAL_TO_LWORD(double)
                0x00417d20                TRUNC_REAL(float)
                0x00417d50                TRUNC_LREAL(double)
                0x00417d80                ABS_SINT(signed char)
                0x00417db0                ABS_INT(short)
                0x00417df0                ABS_DINT(long)
                0x00417e30                ABS_LINT(long long)
                0x00417e70                SQRT_REAL(float)
                0x00417ec0                SQRT_LREAL(double)
                0x00417f20                LN_REAL(float)
                0x00417f70                LN_LREAL(double)
                0x00417fc0                LOG_REAL(float)
                0x00418010                LOG_LREAL(double)
                0x00418060                EXP_REAL(float)
                0x004180a0                EXP_LREAL(double)
                0x004180e0                TAN_REAL(float)
                0x00418120                TAN_LREAL(double)
                0x00418160                ASIN_REAL(float)
                0x004181d0                ASIN_LREAL(double)
                0x00418230                ACOS_REAL(float)
                0x004182a0                ACOS_LREAL(double)
                0x00418300                ATAN_REAL(float)
                0x00418320                ATAN_LREAL(double)
                0x00418330                ADD_REAL(float, float)
                0x00418370                ADD_LREAL(double, double)
                0x004183b0                MUL_REAL(float, float)
                0x004183f0                MUL_LREAL(double, double)
                0x00418430                SUB_REAL(float, float)
                0x00418470                SUB_LREAL(double, double)
                0x004184b0                DIV_SINT(signed char, signed char)
                0x00418510                DIV_INT(short, short)
                0x00418570                DIV_DINT(long, long)
                0x004185c0                DIV_LINT(long long, long long)
                0x00418630                DIV_USINT(unsigned char, unsigned char)
                0x00418660                DIV_UINT(unsigned short, unsigned short)
                0x004186a0                DIV_UDINT(unsigned long, unsigned long)
                0x004186d0                DIV_ULINT(unsigned long long, unsigned long long)
                0x00418720                DIV_BYTE(unsigned char, unsigned char)
                0x00418750                DIV_WORD(unsigned short, unsigned short)
                0x00418790                DIV_DWORD(unsigned long, unsigned long)
                0x004187c0                DIV_LWORD(unsigned long long, unsigned long long)
                0x00418810                DIV_REAL(float, float)
                0x00418870                DIV_LREAL(double, double)
                0x004188f0                MOD_SINT(signed char, signed char)
                0x00418930                MOD_INT(short, short)
                0x00418970                MOD_DINT(long, long)
                0x004189b0                MOD_LINT(long long, long long)
                0x00418a20                MOD_USINT(unsigned char, unsigned char)
                0x00418a50                MOD_UINT(unsigned short, unsigned short)
                0x00418a90                MOD_UDINT(unsigned long, unsigned long)
                0x00418ad0                MOD_ULINT(unsigned long long, unsigned long long)
                0x00418b20                MOD_BYTE(unsigned char, unsigned char)
                0x00418b50                MOD_WORD(unsigned short, unsigned short)
                0x00418b90                MOD_DWORD(unsigned long, unsigned long)
                0x00418bd0                MOD_LWORD(unsigned long long, unsigned long long)
                0x00418c20                EXPT_REAL(float, float)
                0x00418c70                EXPT_LREAL(double, double)
                0x00418cb0                MAX_DATE_AND_TIME(DATE_AND_TIME, DATE_AND_TIME)
                0x00418ce0                MIN_DATE_AND_TIME(DATE_AND_TIME, DATE_AND_TIME)
                0x00418d10                LIMIT_SINT(signed char, signed char, signed char)
                0x00418d30                LIMIT_INT(short, short, short)
                0x00418d50                LIMIT_DINT(long, long, long)
                0x00418d70                LIMIT_LINT(long long, long long, long long)
                0x00418dd0                LIMIT_USINT(unsigned char, unsigned char, unsigned char)
                0x00418df0                LIMIT_UINT(unsigned short, unsigned short, unsigned short)
                0x00418e10                LIMIT_UDINT(unsigned long, unsigned long, unsigned long)
                0x00418e30                LIMIT_ULINT(unsigned long long, unsigned long long, unsigned long long)
                0x00418e90                LIMIT_BOOL(unsigned char, unsigned char, unsigned char)
                0x00418eb0                LIMIT_BYTE(unsigned char, unsigned char, unsigned char)
                0x00418ed0                LIMIT_WORD(unsigned short, unsigned short, unsigned short)
                0x00418ef0                LIMIT_DWORD(unsigned long, unsigned long, unsigned long)
                0x00418f10                LIMIT_LWORD(unsigned long long, unsigned long long, unsigned long long)
                0x00418f70                LIMIT_REAL(float, float, float)
                0x00418fa0                LIMIT_LREAL(double, double, double)
                0x00418fd0                LIMIT_TIME(long, long, long)
                0x00418ff0                LIMIT_DATE(unsigned long, unsigned long, unsigned long)
                0x00419010                LIMIT_TIME_OF_DAY(unsigned long, unsigned long, unsigned long)
                0x00419030                LIMIT_DATE_AND_TIME(DATE_AND_TIME, DATE_AND_TIME, DATE_AND_TIME)
                0x00419090                MUX_BOOL(short, short, ...)
                0x004190e0                MUX_SINT(short, short, ...)
                0x00419130                MUX_INT(short, short, ...)
                0x00419180                MUX_DINT(short, short, ...)
                0x004191d0                MUX_LINT(short, short, ...)
                0x00419230                MUX_USINT(short, short, ...)
                0x00419280                MUX_UINT(short, short, ...)
                0x004192d0                MUX_UDINT(short, short, ...)
                0x00419320                MUX_ULINT(short, short, ...)
                0x00419380                MUX_REAL(short, short, ...)
                0x004193e0                MUX_LREAL(short, short, ...)
                0x00419440                MUX_TIME(short, short, ...)
                0x00419490                MUX_DATE(short, short, ...)
                0x004194e0                MUX_TIME_OF_DAY(short, short, ...)
                0x00419530                MUX_DATE_AND_TIME(short, short, ...)
                0x004195a0                MUX_STRING(short, short, ...)
                0x00419600                MUX_WSTRING(short, short, ...)
                0x00419660                MUX_BYTE(short, short, ...)
                0x004196b0                MUX_WORD(short, short, ...)
                0x00419700                MUX_DWORD(short, short, ...)
                0x00419750                MUX_LWORD(short, short, ...)
                0x004197b0                GT_STRING_2(STRING1*, STRING1*)
                0x00419870                GT_WSTRING_2(WSTRING1*, WSTRING1*)
                0x00419930                GE_DATE_AND_TIME_2(DATE_AND_TIME, DATE_AND_TIME)
                0x00419960                GE_STRING_2(STRING1*, STRING1*)
                0x00419a30                GE_WSTRING_2(WSTRING1*, WSTRING1*)
                0x00419b10                EQ_DATE_AND_TIME_2(DATE_AND_TIME, DATE_AND_TIME)
                0x00419b30                EQ_STRING_2(STRING1*, STRING1*)
                0x00419be0                EQ_WSTRING_2(WSTRING1*, WSTRING1*)
                0x00419c90                LE_DATE_AND_TIME_2(DATE_AND_TIME, DATE_AND_TIME)
                0x00419cc0                LE_STRING_2(STRING1*, STRING1*)
                0x00419d90                LE_WSTRING_2(WSTRING1*, WSTRING1*)
                0x00419e60                LT_DATE_AND_TIME_2(DATE_AND_TIME, DATE_AND_TIME)
                0x00419e90                LT_STRING_2(STRING1*, STRING1*)
                0x00419f60                LT_WSTRING_2(WSTRING1*, WSTRING1*)
                0x0041a030                NE_DATE_AND_TIME(DATE_AND_TIME, DATE_AND_TIME)
                0x0041a060                NE_STRING(STRING1*, STRING1*)
                0x0041a110                NE_WSTRING(WSTRING1*, WSTRING1*)
                0x0041a1c0                GT_BOOL_N(unsigned char, unsigned char, ...)
                0x0041a210                GT_SINT_N(unsigned char, signed char, ...)
                0x0041a260                GT_INT_N(unsigned char, short, ...)
                0x0041a2b0                GT_DINT_N(unsigned char, long, ...)
                0x0041a300                GT_LINT_N(unsigned char, long long, ...)
                0x0041a380                GT_USINT_N(unsigned char, unsigned char, ...)
                0x0041a3d0                GT_UINT_N(unsigned char, unsigned short, ...)
                0x0041a420                GT_UDINT_N(unsigned char, unsigned long, ...)
                0x0041a470                GT_ULINT_N(unsigned char, unsigned long long, ...)
                0x0041a4f0                GT_BYTE_N(unsigned char, unsigned char, ...)
                0x0041a540                GT_WORD_N(unsigned char, unsigned short, ...)
                0x0041a590                GT_DWORD_N(unsigned char, unsigned long, ...)
                0x0041a5e0                GT_LWORD_N(unsigned char, unsigned long long, ...)
                0x0041a660                GT_REAL_N(unsigned char, float, ...)
                0x0041a6c0                GT_LREAL_N(unsigned char, double, ...)
                0x0041a710                GT_TIME_N(unsigned char, long, ...)
                0x0041a760                GT_DATE_N(unsigned char, unsigned long, ...)
                0x0041a7b0                GT_TIME_OF_DAY_N(unsigned char, unsigned long, ...)
                0x0041a800                GT_DATE_AND_TIME_N(unsigned char, DATE_AND_TIME, ...)
                0x0041a870                GT_STRING_N(unsigned char, STRING1*, ...)
                0x0041a8d0                GT_WSTRING_N(unsigned char, WSTRING1*, ...)
                0x0041a930                GE_BOOL_N(unsigned char, unsigned char, ...)
                0x0041a980                GE_SINT_N(unsigned char, signed char, ...)
                0x0041a9d0                GE_INT_N(unsigned char, short, ...)
                0x0041aa20                GE_DINT_N(unsigned char, long, ...)
                0x0041aa70                GE_LINT_N(unsigned char, long long, ...)
                0x0041aaf0                GE_USINT_N(unsigned char, unsigned char, ...)
                0x0041ab40                GE_UINT_N(unsigned char, unsigned short, ...)
                0x0041ab90                GE_UDINT_N(unsigned char, unsigned long, ...)
                0x0041abe0                GE_ULINT_N(unsigned char, unsigned long long, ...)
                0x0041ac60                GE_BYTE_N(unsigned char, unsigned char, ...)
                0x0041acb0                GE_WORD_N(unsigned char, unsigned short, ...)
                0x0041ad00                GE_DWORD_N(unsigned char, unsigned long, ...)
                0x0041ad50                GE_LWORD_N(unsigned char, unsigned long long, ...)
                0x0041add0                GE_REAL_N(unsigned char, float, ...)
                0x0041ae30                GE_LREAL_N(unsigned char, double, ...)
                0x0041ae80                GE_TIME_N(unsigned char, long, ...)
                0x0041aed0                GE_DATE_N(unsigned char, unsigned long, ...)
                0x0041af20                GE_TIME_OF_DAY_N(unsigned char, unsigned long, ...)
                0x0041af70                GE_DATE_AND_TIME_N(unsigned char, DATE_AND_TIME, ...)
                0x0041afe0                GE_STRING_N(unsigned char, STRING1*, ...)
                0x0041b040                GE_WSTRING_N(unsigned char, WSTRING1*, ...)
                0x0041b0a0                EQ_BOOL_N(unsigned char, unsigned char, ...)
                0x0041b0e0                EQ_SINT_N(unsigned char, signed char, ...)
                0x0041b120                EQ_INT_N(unsigned char, short, ...)
                0x0041b160                EQ_DINT_N(unsigned char, long, ...)
                0x0041b1a0                EQ_LINT_N(unsigned char, long long, ...)
                0x0041b200                EQ_USINT_N(unsigned char, unsigned char, ...)
                0x0041b240                EQ_UINT_N(unsigned char, unsigned short, ...)
                0x0041b280                EQ_UDINT_N(unsigned char, unsigned long, ...)
                0x0041b2c0                EQ_ULINT_N(unsigned char, unsigned long long, ...)
                0x0041b320                EQ_BYTE_N(unsigned char, unsigned char, ...)
                0x0041b360                EQ_WORD_N(unsigned char, unsigned short, ...)
                0x0041b3a0                EQ_DWORD_N(unsigned char, unsigned long, ...)
                0x0041b3e0                EQ_LWORD_N(unsigned char, unsigned long long, ...)
                0x0041b440                EQ_REAL_N(unsigned char, float, ...)
                0x0041b4b0                EQ_LREAL_N(unsigned char, double, ...)
                0x0041b510                EQ_TIME_N(unsigned char, long, ...)
                0x0041b550                EQ_DATE_N(unsigned char, unsigned long, ...)
                0x0041b590                EQ_TIME_OF_DAY_N(unsigned char, unsigned long, ...)
                0x0041b5d0                EQ_DATE_AND_TIME_N(unsigned char, DATE_AND_TIME, ...)
                0x0041b620                EQ_STRING_N(unsigned char, STRING1*, ...)
                0x0041b680                EQ_WSTRING_N(unsigned char, WSTRING1*, ...)
                0x0041b6e0                LE_BOOL_N(unsigned char, unsigned char, ...)
                0x0041b730                LE_SINT_N(unsigned char, signed char, ...)
                0x0041b780                LE_INT_N(unsigned char, short, ...)
                0x0041b7d0                LE_DINT_N(unsigned char, long, ...)
                0x0041b820                LE_LINT_N(unsigned char, long long, ...)
                0x0041b8a0                LE_USINT_N(unsigned char, unsigned char, ...)
                0x0041b8f0                LE_UINT_N(unsigned char, unsigned short, ...)
                0x0041b940                LE_UDINT_N(unsigned char, unsigned long, ...)
                0x0041b990                LE_ULINT_N(unsigned char, unsigned long long, ...)
                0x0041ba10                LE_BYTE_N(unsigned char, unsigned char, ...)
                0x0041ba60                LE_WORD_N(unsigned char, unsigned short, ...)
                0x0041bab0                LE_DWORD_N(unsigned char, unsigned long, ...)
                0x0041bb00                LE_LWORD_N(unsigned char, unsigned long long, ...)
                0x0041bb80                LE_REAL_N(unsigned char, float, ...)
                0x0041bbe0                LE_LREAL_N(unsigned char, double, ...)
                0x0041bc30                LE_TIME_N(unsigned char, long, ...)
                0x0041bc80                LE_DATE_N(unsigned char, unsigned long, ...)
                0x0041bcd0                LE_TIME_OF_DAY_N(unsigned char, unsigned long, ...)
                0x0041bd20                LE_DATE_AND_TIME_N(unsigned char, DATE_AND_TIME, ...)
                0x0041bd90                LE_STRING_N(unsigned char, STRING1*, ...)
                0x0041bdf0                LE_WSTRING_N(unsigned char, WSTRING1*, ...)
                0x0041be50                LT_BOOL_N(unsigned char, unsigned char, ...)
                0x0041bea0                LT_SINT_N(unsigned char, signed char, ...)
                0x0041bef0                LT_INT_N(unsigned char, short, ...)
                0x0041bf40                LT_DINT_N(unsigned char, long, ...)
                0x0041bf90                LT_LINT_N(unsigned char, long long, ...)
                0x0041c010                LT_USINT_N(unsigned char, unsigned char, ...)
                0x0041c060                LT_UINT_N(unsigned char, unsigned short, ...)
                0x0041c0b0                LT_UDINT_N(unsigned char, unsigned long, ...)
                0x0041c100                LT_ULINT_N(unsigned char, unsigned long long, ...)
                0x0041c180                LT_BYTE_N(unsigned char, unsigned char, ...)
                0x0041c1d0                LT_WORD_N(unsigned char, unsigned short, ...)
                0x0041c220                LT_DWORD_N(unsigned char, unsigned long, ...)
                0x0041c270                LT_LWORD_N(unsigned char, unsigned long long, ...)
                0x0041c2f0                LT_REAL_N(unsigned char, float, ...)
                0x0041c350                LT_LREAL_N(unsigned char, double, ...)
                0x0041c3a0                LT_TIME_N(unsigned char, long, ...)
                0x0041c3f0                LT_DATE_N(unsigned char, unsigned long, ...)
                0x0041c440                LT_TIME_OF_DAY_N(unsigned char, unsigned long, ...)
                0x0041c490                LT_DATE_AND_TIME_N(unsigned char, DATE_AND_TIME, ...)
                0x0041c500                LT_STRING_N(unsigned char, STRING1*, ...)
                0x0041c560                LT_WSTRING_N(unsigned char, WSTRING1*, ...)
                0x0041c5c0                MAX_STRING(STRING1*, STRING1*)
                0x0041c620                MIN_STRING(STRING1*, STRING1*)
                0x0041c680                LIMIT_STRING(STRING1*, STRING1*, STRING1*)
                0x0041c710                MAX_WSTRING(WSTRING1*, WSTRING1*)
                0x0041c770                MIN_WSTRING(WSTRING1*, WSTRING1*)
                0x0041c7d0                LIMIT_WSTRING(WSTRING1*, WSTRING1*, WSTRING1*)
                0x0041c860                vt3_fix_string_sizes()
                0x0041c890                vt3_free_temporary_strings()
                0x0041c8d0                vt3_alloc_string(unsigned short)
                0x0041ca70                vt3_alloc_wstring(unsigned short)
                0x0041caf0                LEN_STRING(STRING1*)
                0x0041cb30                LEN_WSTRING(WSTRING1*)
                0x0041cb70                MOVE_STRING(STRING1*, STRING1*)
                0x0041cc10                MOVE_WSTRING(WSTRING1*, WSTRING1*)
                0x0041ccb0                LEFT_STRING(STRING1*, unsigned short)
                0x0041cd40                LEFT_WSTRING(WSTRING1*, unsigned short)
                0x0041cdd0                RIGHT_STRING(STRING1*, unsigned short)
                0x0041ce60                RIGHT_WSTRING(WSTRING1*, unsigned short)
                0x0041cf00                MID_STRING(STRING1*, unsigned short, unsigned short)
                0x0041cfb0                MID_WSTRING(WSTRING1*, unsigned short, unsigned short)
                0x0041d060                CONCAT_STRING(unsigned char, STRING1*, ...)
                0x0041d170                CONCAT_WSTRING(unsigned char, WSTRING1*, ...)
                0x0041d280                INSERT_STRING(STRING1*, STRING1*, unsigned short)
                0x0041d380                INSERT_WSTRING(WSTRING1*, WSTRING1*, unsigned short)
                0x0041d490                DELETE_STRING(STRING1*, unsigned short, unsigned short)
                0x0041d6a0                DELETE_WSTRING(WSTRING1*, unsigned short, unsigned short)
                0x0041d8d0                REPLACE_STRING(STRING1*, STRING1*, unsigned short, unsigned short)
                0x0041d910                REPLACE_WSTRING(WSTRING1*, WSTRING1*, unsigned short, unsigned short)
                0x0041d950                FIND_STRING(STRING1*, STRING1*)
                0x0041da00                FIND_WSTRING(WSTRING1*, WSTRING1*)
                0x0041dab0                WSTRING_TO_STRING(WSTRING1*)
                0x0041dbb0                STRING_TO_WSTRING(STRING1*)
                0x0041dc20                BOOL_TO_STRING(unsigned char)
                0x0041dc30                BYTE_TO_STRING(unsigned char)
                0x0041dc40                WORD_TO_STRING(unsigned short)
                0x0041dc50                DWORD_TO_STRING(unsigned long)
                0x0041dc60                SINT_TO_STRING(signed char)
                0x0041dc70                USINT_TO_STRING(unsigned char)
                0x0041dc80                INT_TO_STRING(short)
                0x0041dc90                UINT_TO_STRING(unsigned short)
                0x0041dca0                DINT_TO_STRING(long)
                0x0041dcb0                UDINT_TO_STRING(unsigned long)
                0x0041dcc0                LINT_TO_STRING(long long)
                0x0041dcd0                ULINT_TO_STRING(unsigned long long)
                0x0041dd70                LWORD_TO_STRING(unsigned long long)
                0x0041dd80                REAL_TO_STRING(float)
                0x0041dda0                LREAL_TO_STRING(double)
                0x0041ddb0                STRING_TO_BOOL(STRING1*)
                0x0041de10                STRING_TO_BYTE(STRING1*)
                0x0041de70                STRING_TO_WORD(STRING1*)
                0x0041ded0                STRING_TO_DWORD(STRING1*)
                0x0041df30                STRING_TO_LWORD(STRING1*)
                0x0041dfa0                STRING_TO_SINT(STRING1*)
                0x0041e010                STRING_TO_USINT(STRING1*)
                0x0041e070                STRING_TO_INT(STRING1*)
                0x0041e0e0                STRING_TO_UINT(STRING1*)
                0x0041e140                STRING_TO_DINT(STRING1*)
                0x0041e1c0                STRING_TO_UDINT(STRING1*)
                0x0041e220                STRING_TO_LINT(STRING1*)
                0x0041e270                STRING_TO_ULINT(STRING1*)
                0x0041e2e0                STRING_TO_REAL(STRING1*)
                0x0041e340                STRING_TO_LREAL(STRING1*)
                0x0041e390                ADD_TIME(long, long)
                0x0041e3d0                ADD_TOD_TIME(unsigned long, long)
                0x0041e420                ADD_DT_TIME(DATE_AND_TIME, long)
                0x0041e470                SUB_TIME(long, long)
                0x0041e4b0                SUB_DATE_DATE(unsigned long, unsigned long)
                0x0041e4e0                SUB_TOD_TIME(unsigned long, long)
                0x0041e530                SUB_TOD_TOD(unsigned long, unsigned long)
                0x0041e570                SUB_DT_TIME(DATE_AND_TIME, long)
                0x0041e5d0                SUB_DT_DT(DATE_AND_TIME, DATE_AND_TIME)
                0x0041e610                MULTIME(long, short)
                0x0041e620                DIVTIME(long, short)
                0x0041e630                CONCAT_DATE_TOD(unsigned long, unsigned long)
                0x0041e640                DT_TO_TOD(DATE_AND_TIME)
                0x0041e650                DT_TO_DATE(DATE_AND_TIME)
                0x0041e660                DATE_TO_YEAR(unsigned long)
                0x0041e770                DATE_TO_MONTH(unsigned long)
                0x0041e850                DATE_TO_DAY(unsigned long)
                0x0041e940                YMD_TO_DATE(short, short, short)
                0x0041ea30                TOD_TO_HOUR(unsigned long)
                0x0041ea50                TOD_TO_MINUTE(unsigned long)
                0x0041ea80                TOD_TO_SECOND(unsigned long)
                0x0041eab0                TOD_TO_MS(unsigned long)
                0x0041ead0                HMS_TO_TOD(short, short, short, short)
                0x0041eb60                GET_CURRENT_DATE_AND_TIME()
                0x0041ec30                GET_SYSTEM_MILLISECONDS()
                0x0041ec60                SR__init(SR*)
                0x0041ec80                SR__call(SR*)
                0x0041ecb0                RS__init(RS*)
                0x0041ecd0                RS__call(RS*)
                0x0041ed00                R_TRIG__init(R_TRIG*)
                0x0041ed20                R_TRIG__call(R_TRIG*)
                0x0041ed50                F_TRIG__init(F_TRIG*)
                0x0041ed70                F_TRIG__call(F_TRIG*)
                0x0041eda0                CTU__init(CTU*)
                0x0041edc0                CTU__call(CTU*)
                0x0041ee10                CTU_DINT__init(CTU_DINT*)
                0x0041ee40                CTU_DINT__call(CTU_DINT*)
                0x0041ee80                CTU_UDINT__init(CTU_UDINT*)
                0x0041eeb0                CTU_UDINT__call(CTU_UDINT*)
                0x0041eef0                CTU_LINT__init(CTU_LINT*)
                0x0041ef60                CTU_LINT__call(CTU_LINT*)
                0x0041eff0                CTU_ULINT__init(CTU_ULINT*)
                0x0041f060                CTU_ULINT__call(CTU_ULINT*)
                0x0041f0f0                CTD__init(CTD*)
                0x0041f110                CTD__call(CTD*)
                0x0041f150                CTD_DINT__init(CTD_DINT*)
                0x0041f180                CTD_DINT__call(CTD_DINT*)
                0x0041f1c0                CTD_UDINT__init(CTD_UDINT*)
                0x0041f1f0                CTD_UDINT__call(CTD_UDINT*)
                0x0041f240                CTD_LINT__init(CTD_LINT*)
                0x0041f2b0                CTD_LINT__call(CTD_LINT*)
                0x0041f320                CTD_ULINT__init(CTD_ULINT*)
                0x0041f390                CTD_ULINT__call(CTD_ULINT*)
                0x0041f400                CTUD__init(CTUD*)
                0x0041f420                CTUD__call(CTUD*)
                0x0041f500                CTUD_DINT__init(CTUD_DINT*)
                0x0041f530                CTUD_DINT__call(CTUD_DINT*)
                0x0041f600                CTUD_UDINT__init(CTUD_UDINT*)
                0x0041f630                CTUD_UDINT__call(CTUD_UDINT*)
                0x0041f700                CTUD_LINT__init(CTUD_LINT*)
                0x0041f770                CTUD_LINT__call(CTUD_LINT*)
                0x0041f8d0                CTUD_ULINT__init(CTUD_ULINT*)
                0x0041f940                CTUD_ULINT__call(CTUD_ULINT*)
                0x0041faa0                TP__init(TP*)
                0x0041fad0                TP__call(TP*)
                0x0041fb60                TON__init(TON*)
                0x0041fb90                TON__call(TON*)
                0x0041fc00                TOF__init(TOF*)
                0x0041fc30                TOF__call(TOF*)
                0x0041fcc0                vt3_atomic_read_lword(unsigned long long const*)
                0x0041fd20                vt3_atomic_read_lint(long long const*)
                0x0041fd80                vt3_atomic_read_ulint(unsigned long long const*)
                0x0041fde0                vt3_atomic_read_date_and_time(DATE_AND_TIME const*)
                0x0041fe40                vt3_atomic_read_lreal(double const*)
                0x0041fe90                vt3_ieclib_test()
 .text          0x00428330     0x37e0 C:/Program Files (x86)/vt3/resources/targets/PC_Windows/lib/libvt3.a(vt3_canlib.o)
                0x004289c0                vt3_set_option_receive_vt3_debugger_messages()
                0x004289d0                RemoteRead_Init()
                0x00428a10                vt3_can_schedule(unsigned char*, unsigned short*)
                0x00428a50                vt3_can_check_busoff(int)
                0x00428a60                vt3_init_interface(unsigned int, unsigned int, vt3_can_rx_init_t const*, unsigned int)
                0x00428d70                Func_request_Read_Event_Log(unsigned char, unsigned char, unsigned char, long, unsigned char)
                0x00428e30                Func_request_Acknowledge_Alarm(unsigned char, unsigned long)
                0x00428eb0                Func_request_Read_Alarm_Status(unsigned char, unsigned long, unsigned char, unsigned char, unsigned char, unsigned char, unsigned char*)
                0x00428f60                REMOTE_WRITE_VARLEN(unsigned long, unsigned long, unsigned char)
                0x004290c0                REMOTE_WRITE_BOOL(unsigned long, unsigned char)
                0x004290f0                REMOTE_WRITE_DWORD(unsigned long, unsigned long)
                0x00429120                REMOTE_WRITE_WORD(unsigned long, unsigned short)
                0x00429150                REMOTE_WRITE_BYTE(unsigned long, unsigned char)
                0x00429180                REMOTE_WRITE_DINT(unsigned long, long)
                0x004291b0                REMOTE_WRITE_INT(unsigned long, short)
                0x004291e0                REMOTE_WRITE_SINT(unsigned long, signed char)
                0x00429210                REMOTE_WRITE_UDINT(unsigned long, unsigned long)
                0x00429240                REMOTE_WRITE_UINT(unsigned long, unsigned short)
                0x00429270                REMOTE_WRITE_USINT(unsigned long, unsigned char)
                0x004292a0                REMOTE_WRITE_REAL(unsigned long, float)
                0x004292d0                REMOTE_WRITE_DATE(unsigned long, unsigned long)
                0x00429300                REMOTE_WRITE_TIME(unsigned long, long)
                0x00429330                REMOTE_WRITE_TIME_OF_DAY(unsigned long, unsigned long)
                0x00429360                REMOTE_FORCE_VARLEN(unsigned long, unsigned long, unsigned char)
                0x00429430                REMOTE_FORCE_BOOL(unsigned long, unsigned char)
                0x00429460                REMOTE_FORCE_DWORD(unsigned long, unsigned long)
                0x00429490                REMOTE_FORCE_WORD(unsigned long, unsigned short)
                0x004294c0                REMOTE_FORCE_BYTE(unsigned long, unsigned char)
                0x004294f0                REMOTE_FORCE_DINT(unsigned long, long)
                0x00429520                REMOTE_FORCE_INT(unsigned long, short)
                0x00429550                REMOTE_FORCE_SINT(unsigned long, signed char)
                0x00429580                REMOTE_FORCE_UDINT(unsigned long, unsigned long)
                0x004295b0                REMOTE_FORCE_UINT(unsigned long, unsigned short)
                0x004295e0                REMOTE_FORCE_USINT(unsigned long, unsigned char)
                0x00429610                REMOTE_RELEASE_FORCE(unsigned long)
                0x00429670                decrement_can_timers()
                0x00429860                REMOTE_STATUS(unsigned long)
                0x004298a0                REMOTE_READ_VARLEN(unsigned long, unsigned char)
                0x00429a50                REMOTE_READ_BOOL(unsigned long)
                0x00429a70                REMOTE_READ_DWORD(unsigned long)
                0x00429a90                REMOTE_READ_WORD(unsigned long)
                0x00429ab0                REMOTE_READ_BYTE(unsigned long)
                0x00429ad0                REMOTE_READ_DINT(unsigned long)
                0x00429af0                REMOTE_READ_INT(unsigned long)
                0x00429b10                REMOTE_READ_SINT(unsigned long)
                0x00429b30                REMOTE_READ_UDINT(unsigned long)
                0x00429b50                REMOTE_READ_UINT(unsigned long)
                0x00429b70                REMOTE_READ_USINT(unsigned long)
                0x00429b90                REMOTE_READ_REAL(unsigned long)
                0x00429bc0                REMOTE_READ_DATE(unsigned long)
                0x00429be0                REMOTE_READ_TIME(unsigned long)
                0x00429c00                REMOTE_READ_TIME_OF_DAY(unsigned long)
                0x00429c20                crc16_generic(unsigned char const*, int)
                0x00429c80                CanWatchdog()
                0x00429c90                CanRxAllRead()
                0x0042b900                CanCheckAlarm()
                0x0042b9e0                vt3_get_canmsg(int, unsigned char)
                0x0042ba00                vt3_send_canmsg(unsigned int, unsigned long, unsigned char, unsigned char const*)
                0x0042ba30                vt3_transmit_EL_write(unsigned char, unsigned char, void const*)
                0x0042bad0                can_bus_close()
 .text          0x0042bb10     0x2cc0 C:/Program Files (x86)/vt3/resources/targets/PC_Windows/lib/libvt3.a(vt3_elog.o)
                0x0042bde0                ALM_Fmi_To_IDS_index(unsigned char)
                0x0042be30                ALM_spn_To_IDS_index(unsigned long)
                0x0042be80                ALM_Priority_To_IDS_index(unsigned char)
                0x0042bed0                ALM_Group_To_IDS_index(unsigned char)
                0x0042bf20                EL_initialize()
                0x0042bfb0                EL_shutdown()
                0x0042bff0                EL_format_local(unsigned int, unsigned long, unsigned long)
                0x0042c640                ALM_login_state(unsigned char)
                0x0042c690                ALM_set_login_state(unsigned char, unsigned char)
                0x0042c6f0                ALM_init_login_cycles_timeout(unsigned char, unsigned short)
                0x0042c740                write_vt3_devices_alarm_status(unsigned char, unsigned char, unsigned char, unsigned char, unsigned char, unsigned short, unsigned short)
                0x0042c7e0                ALM_all_sum(unsigned char*, unsigned char*, unsigned char*)
                0x0042c880                EL_write_local(unsigned int, vt3_elog_record_generic_t*, unsigned long*)
                0x0042ca20                EL_write(unsigned int, unsigned int, vt3_elog_record_generic_t*)
                0x0042cb00                EL_write_answer(unsigned char, unsigned char, unsigned long)
                0x0042cb60                EL_read_local(unsigned int, EL_seek_mode_t, long, long, EL_info_t*, vt3_elog_record_generic_t*)
                0x0042cf80                EL_reset_vars(unsigned int, unsigned int)
                0x0042cfe0                EL_read(unsigned int, unsigned int, EL_seek_mode_t, long, long, EL_info_t*, vt3_elog_record_generic_t*)
                0x0042d130                EL_poll_read_set(unsigned int, unsigned int, unsigned char*, unsigned short)
                0x0042d230                EL_poll_read(unsigned int, unsigned int)
                0x0042d2f0                EL_poll_write(unsigned int, unsigned int)
                0x0042d4f0                EL_task()
                0x0042de50                EL_crc16(vt3_elog_record_generic_t*)
                0x0042de70                EL_get_failure_count(unsigned int, unsigned int)
                0x0042ded0                ALM_set(unsigned short)
                0x0042df30                ALM_rtn(unsigned short)
                0x0042df90                ALM_seek_local_AGUID(unsigned long)
                0x0042dff0                ALM_ack_AGUID(unsigned int, unsigned long)
                0x0042e080                ALM_seek_local_SPN_FMI(unsigned long, unsigned char)
                0x0042e170                ALM_ack_local(unsigned short)
                0x0042e1b0                ALM_get(unsigned short)
                0x0042e1e0                ALM_poll_set(unsigned char, unsigned long, unsigned char, unsigned char)
                0x0042e220                ALM_slot_free(unsigned char)
                0x0042e240                ALM_poll(unsigned char, unsigned char*, unsigned long*, unsigned char*, unsigned char*)
                0x0042e2c0                ALM_filter_local(unsigned long, vt3_elog_filter_direction_t, unsigned char, unsigned char, unsigned char, unsigned long*, unsigned char*, unsigned char*)
                0x0042e590                ALM_filter(unsigned int, unsigned long, vt3_elog_filter_direction_t, unsigned char, unsigned char, unsigned char, unsigned char*)
                0x0042e770                ALM_SPN_FMI_PRI_TO_AGUID(unsigned long, unsigned char, unsigned char)
                0x0042e7a0                ALM_AGUID_TO_SPN(unsigned long)
                0x0042e7b0                ALM_AGUID_TO_FMI(unsigned long)
                0x0042e7c0                ALM_AGUID_TO_PRI(unsigned long)
 .text          0x0042e7d0      0x200 C:/Program Files (x86)/vt3/resources/targets/PC_Windows/lib/libvt3.a(main.o)
                0x0042e7d0                can_bus_task()
                0x0042e800                qMain(int, char**)
 .text          0x0042e9d0     0x20d0 C:/Program Files (x86)/vt3/resources/targets/PC_Windows/lib/libvt3.a(vt3_Shell.o)
                0x0042eb00                vt3_setScreenDumpFileName(char const*)
                0x0042eb30                vt3_GraphicView::vt3_GraphicView(QWidget*)
                0x0042eb30                vt3_GraphicView::vt3_GraphicView(QWidget*)
                0x0042eb60                vt3_Shell::load_icon()
                0x0042eca0                vt3_Shell::draw_resource_errors()
                0x0042f940                set_application_title(STRING1*)
                0x0042f9d0                vt3_Shell::addMissingFont(QString const&)
                0x0042f9e0                vt3_Shell::on_push_register_fonts_button()
                0x0042fd10                vt3_Shell::addMissingCAN(QString const&)
                0x0042fd20                vt3_Shell::resize_according_to_screen_size()
                0x0042fef0                vt3_Shell::kiosk_mode_periodic_function()
                0x0042ffb0                vt3_GraphicView::mousePressEvent(QMouseEvent*)
                0x004300e0                vt3_GraphicView::mouseReleaseEvent(QMouseEvent*)
                0x00430110                vt3_GraphicView::mouseMoveEvent(QMouseEvent*)
                0x00430230                vt3_Shell::vt3_Shell(QWidget*)
                0x00430230                vt3_Shell::vt3_Shell(QWidget*)
                0x004305f0                vt3_Shell::screenDump()
                0x00430790                vt3_Shell::draw_new_scene()
                0x00430880                vt3_Shell::~vt3_Shell()
                0x00430880                vt3_Shell::~vt3_Shell()
                0x00430a60                non-virtual thunk to vt3_Shell::~vt3_Shell()
                0x00430a70                vt3_Shell::~vt3_Shell()
                0x00430a90                non-virtual thunk to vt3_Shell::~vt3_Shell()
 .text          0x00430aa0     0x2bd0 C:/Program Files (x86)/vt3/resources/targets/PC_Windows/lib/libvt3.a(vt3_lcd_qt_classes.o)
                0x00430aa0                QSimpleTextEditable::~QSimpleTextEditable()
                0x00430aa0                QSimpleTextEditable::~QSimpleTextEditable()
                0x00430af0                non-virtual thunk to QSimpleTextEditable::~QSimpleTextEditable()
                0x00430b00                QSimpleTextEditable::~QSimpleTextEditable()
                0x00430b20                non-virtual thunk to QSimpleTextEditable::~QSimpleTextEditable()
                0x00430b30                QSimpleNumberEditable::~QSimpleNumberEditable()
                0x00430b30                QSimpleNumberEditable::~QSimpleNumberEditable()
                0x00430b80                non-virtual thunk to QSimpleNumberEditable::~QSimpleNumberEditable()
                0x00430b90                QSimpleNumberEditable::~QSimpleNumberEditable()
                0x00430bb0                non-virtual thunk to QSimpleNumberEditable::~QSimpleNumberEditable()
                0x00430bc0                QSimpleTextEditable::move_from_indicator_to_widget()
                0x00430c60                QSimpleNumberEditable::calculate_input_mask(vt3_indicator_NumberEditable*, int)
                0x00430e30                QSimpleNumberEditable::move_from_widget_to_indicator(unsigned char)
                0x00431fb0                QSimpleNumberEditable::move_from_indicator_to_widget(unsigned char)
                0x004325a0                PSTRING_TO_QString(STRING1*)
                0x004325e0                QString_TO_PSTRING(QString const&)
                0x00432640                QSimpleTextEditable::move_from_widget_to_indicator()
                0x00432760                vt3Color_to_QColor(vt3Color)
                0x004327e0                QSimpleTextEditable::set_colors()
                0x004329e0                QSimpleTextEditable::QSimpleTextEditable(QWidget*, vt3_indicator_SimpleTextEditable*)
                0x004329e0                QSimpleTextEditable::QSimpleTextEditable(QWidget*, vt3_indicator_SimpleTextEditable*)
                0x00432f20                QSimpleTextEditable::refresh()
                0x00432f80                QSimpleNumberEditable::set_colors()
                0x00433180                QSimpleNumberEditable::QSimpleNumberEditable(QWidget*, vt3_indicator_NumberEditable*)
                0x00433180                QSimpleNumberEditable::QSimpleNumberEditable(QWidget*, vt3_indicator_NumberEditable*)
                0x00433370                QSimpleNumberEditable::refresh()
                0x004333b0                QSimpleTextEditable::keyPressEvent(QKeyEvent*)
                0x00433460                QSimpleNumberEditable::keyPressEvent(QKeyEvent*)
                0x00433550                QSimpleTextEditable::focusInEvent(QFocusEvent*)
                0x004335f0                QSimpleNumberEditable::focusInEvent(QFocusEvent*)
 .text          0x00433670      0x170 C:/Program Files (x86)/vt3/resources/targets/PC_Windows/lib/libvt3.a(vt3_log.o)
                0x00433670                vt3_print(char const*, ...)
 .text          0x004337e0      0x110 C:/Program Files (x86)/vt3/resources/targets/PC_Windows/lib/libvt3.a(can_api_peak.o)
                0x00433880                CAN_api::factory()
 .text          0x004338f0     0x25f0 C:/Program Files (x86)/vt3/resources/targets/PC_Windows/lib/libvt3.a(eoloader_load_parameters.o)
                0x00433970                EOL_LoadParametersTxtThread::EOL_LoadParametersTxtThread()
                0x00433970                EOL_LoadParametersTxtThread::EOL_LoadParametersTxtThread()
                0x00433a30                EOL_LoadParametersTxtThread::set_params(unsigned char, char const*, unsigned char)
                0x00433ac0                EOL_LoadParametersTxtThread::get_status()
                0x00433b10                EOL_PTXT_Free(PTXT_ObjectStoreStruct*)
                0x00433bd0                EOL_Func_answer_write_variables_array(CAN_msg const*)
                0x00433c80                EOL_load_parameters_txt_start
                0x00433d40                EOL_load_parameters_txt_get_status
                0x00433d60                EOL_PTXT_ParseFile(PTXT_ObjectStoreStruct**, char const*)
                0x00435210                EOL_LoadParametersTxtThread::EOL_Load_Parameters_Txt()
                0x00435ed0                EOL_LoadParametersTxtThread::run()
 .text          0x00435ee0     0x1460 C:/Program Files (x86)/vt3/resources/targets/PC_Windows/lib/libvt3.a(eoloader_save_parameters.o)
                0x00435fa0                EOL_SaveParametersTxtThread::EOL_SaveParametersTxtThread()
                0x00435fa0                EOL_SaveParametersTxtThread::EOL_SaveParametersTxtThread()
                0x004360e0                EOL_SaveParametersTxtThread::set_params(unsigned char, char const*, char const*, unsigned long, unsigned long, unsigned char)
                0x00436200                EOL_SaveParametersTxtThread::get_status()
                0x00436250                EOL_SaveParametersTxtThread::set_rxdb(unsigned long)
                0x00436270                EOL_Func_answer_read_variables_array(CAN_msg const*, unsigned long)
                0x00436310                EOL_SaveParametersTxtThread::EOL_save_Parameters_Txt()
                0x004371b0                EOL_SaveParametersTxtThread::run()
                0x004371c0                EOL_save_parameters_txt_start
                0x00437320                EOL_save_parameters_txt_get_status
 .text          0x00437340      0x8c0 C:/Program Files (x86)/vt3/resources/targets/PC_Windows/lib/libvt3.a(vt3_persist.o)
                0x00437770                save_bytearray_P()
                0x00437790                save_bytearray_R()
                0x004377b0                save_bytearray_F()
                0x00437b80                load_persistent_memory()
 .text          0x00437c00      0x1b0 C:/Program Files (x86)/vt3/resources/targets/PC_Windows/lib/libvt3.a(vt3_task.o)
                0x00437c00                vt3_Task::stop_all_tasks()
                0x00437c10                vt3_Task::tick()
                0x00437c30                vt3_Task::vt3_Task(unsigned int, unsigned int, void (*)())
                0x00437c30                vt3_Task::vt3_Task(unsigned int, unsigned int, void (*)())
 .text          0x00437db0      0x470 C:/Program Files (x86)/vt3/resources/targets/PC_Windows/lib/libvt3.a(kiosk_mode.o)
                0x00438100                enter_kiosk_mode()
                0x00438180                exit_kiosk_mode()
                0x00438200                is_kiosk_mode_active()
 .text          0x00438220      0x3d0 C:/Program Files (x86)/vt3/resources/targets/PC_Windows/lib/libvt3.a(moc_vt3_qt_specific.o)
                0x00438220                QSimpleTextEditable::qt_static_metacall(QObject*, QMetaObject::Call, int, void**)
                0x00438230                QSimpleNumberEditable::qt_static_metacall(QObject*, QMetaObject::Call, int, void**)
                0x00438240                vt3_GraphicView::qt_static_metacall(QObject*, QMetaObject::Call, int, void**)
                0x00438250                QSimpleTextEditable::metaObject() const
                0x00438270                QSimpleNumberEditable::metaObject() const
                0x00438290                vt3_GraphicView::metaObject() const
                0x004382b0                vt3_Shell::metaObject() const
                0x004382d0                vt3_Task::metaObject() const
                0x00438310                vt3_Shell::qt_static_metacall(QObject*, QMetaObject::Call, int, void**)
                0x00438330                vt3_Task::qt_static_metacall(QObject*, QMetaObject::Call, int, void**)
                0x00438350                QSimpleTextEditable::qt_metacast(char const*)
                0x004383a0                QSimpleNumberEditable::qt_metacast(char const*)
                0x004383f0                QSimpleTextEditable::qt_metacall(QMetaObject::Call, int, void**)
                0x00438400                QSimpleNumberEditable::qt_metacall(QMetaObject::Call, int, void**)
                0x00438410                vt3_GraphicView::qt_metacast(char const*)
                0x00438460                vt3_GraphicView::qt_metacall(QMetaObject::Call, int, void**)
                0x00438470                vt3_Shell::qt_metacast(char const*)
                0x004384c0                vt3_Shell::qt_metacall(QMetaObject::Call, int, void**)
                0x00438530                vt3_Task::qt_metacast(char const*)
                0x00438580                vt3_Task::qt_metacall(QMetaObject::Call, int, void**)
 .text          0x004385f0       0x50 C:/Program Files (x86)/vt3/resources/targets/PC_Windows/lib/libvt3.a(strlcpy.o)
                0x004385f0                strlcpy(char*, char const*, unsigned int)
 .text          0x00438640      0x2b0 C:/Program Files (x86)/vt3/resources/targets/PC_Windows/lib/libvt3.a(fontreg.o)
                0x00438640                vt3_fontreg(HWND__*)
 .text          0x004388f0      0x120 C:/Program Files (x86)/vt3/resources/targets/PC_Windows/lib/libvt3.a(moc_eoloader.o)
                0x004388f0                EOL_LoadParametersTxtThread::qt_static_metacall(QObject*, QMetaObject::Call, int, void**)
                0x00438900                EOL_SaveParametersTxtThread::qt_static_metacall(QObject*, QMetaObject::Call, int, void**)
                0x00438910                EOL_LoadParametersTxtThread::metaObject() const
                0x00438930                EOL_SaveParametersTxtThread::metaObject() const
                0x00438950                EOL_LoadParametersTxtThread::qt_metacast(char const*)
                0x004389a0                EOL_SaveParametersTxtThread::qt_metacast(char const*)
                0x004389f0                EOL_LoadParametersTxtThread::qt_metacall(QMetaObject::Call, int, void**)
                0x00438a00                EOL_SaveParametersTxtThread::qt_metacall(QMetaObject::Call, int, void**)
 .text          0x00438a10        0x0 c:/progra~2/vt3/resour~1/mingw/bin/../lib/gcc/i686-w64-mingw32/4.8.0/../../../../lib/libQt5Widgets.a(d005689.o)
 .text          0x00438a10        0x0 c:/progra~2/vt3/resour~1/mingw/bin/../lib/gcc/i686-w64-mingw32/4.8.0/../../../../lib/libQt5Widgets.a(d002154.o)
 .text          0x00438a10        0x0 c:/progra~2/vt3/resour~1/mingw/bin/../lib/gcc/i686-w64-mingw32/4.8.0/../../../../lib/libQt5Widgets.a(d001243.o)
 .text          0x00438a10        0x8 c:/progra~2/vt3/resour~1/mingw/bin/../lib/gcc/i686-w64-mingw32/4.8.0/../../../../lib/libQt5Widgets.a(d005708.o)
                0x00438a10                QLineEdit::event(QEvent*)
 .text          0x00438a18        0x8 c:/progra~2/vt3/resour~1/mingw/bin/../lib/gcc/i686-w64-mingw32/4.8.0/../../../../lib/libQt5Widgets.a(d008158.o)
                0x00438a18                QWidget::devType() const
 .text          0x00438a20        0x8 c:/progra~2/vt3/resour~1/mingw/bin/../lib/gcc/i686-w64-mingw32/4.8.0/../../../../lib/libQt5Widgets.a(d005085.o)
                0x00438a20                QWidget::setVisible(bool)
 .text          0x00438a28        0x8 c:/progra~2/vt3/resour~1/mingw/bin/../lib/gcc/i686-w64-mingw32/4.8.0/../../../../lib/libQt5Widgets.a(d008375.o)
                0x00438a28                QLineEdit::sizeHint() const
 .text          0x00438a30        0x8 c:/progra~2/vt3/resour~1/mingw/bin/../lib/gcc/i686-w64-mingw32/4.8.0/../../../../lib/libQt5Widgets.a(d008366.o)
                0x00438a30                QLineEdit::minimumSizeHint() const
 .text          0x00438a38        0x8 c:/progra~2/vt3/resour~1/mingw/bin/../lib/gcc/i686-w64-mingw32/4.8.0/../../../../lib/libQt5Widgets.a(d008118.o)
                0x00438a38                QWidget::heightForWidth(int) const
 .text          0x00438a40        0x8 c:/progra~2/vt3/resour~1/mingw/bin/../lib/gcc/i686-w64-mingw32/4.8.0/../../../../lib/libQt5Widgets.a(d008135.o)
                0x00438a40                QWidget::hasHeightForWidth() const
 .text          0x00438a48        0x8 c:/progra~2/vt3/resour~1/mingw/bin/../lib/gcc/i686-w64-mingw32/4.8.0/../../../../lib/libQt5Widgets.a(d008086.o)
                0x00438a48                QWidget::paintEngine() const
 .text          0x00438a50        0x8 c:/progra~2/vt3/resour~1/mingw/bin/../lib/gcc/i686-w64-mingw32/4.8.0/../../../../lib/libQt5Widgets.a(d005684.o)
                0x00438a50                QLineEdit::mousePressEvent(QMouseEvent*)
 .text          0x00438a58        0x8 c:/progra~2/vt3/resour~1/mingw/bin/../lib/gcc/i686-w64-mingw32/4.8.0/../../../../lib/libQt5Widgets.a(d005691.o)
                0x00438a58                QLineEdit::mouseReleaseEvent(QMouseEvent*)
 .text          0x00438a60        0x8 c:/progra~2/vt3/resour~1/mingw/bin/../lib/gcc/i686-w64-mingw32/4.8.0/../../../../lib/libQt5Widgets.a(d005698.o)
                0x00438a60                QLineEdit::mouseDoubleClickEvent(QMouseEvent*)
 .text          0x00438a68        0x8 c:/progra~2/vt3/resour~1/mingw/bin/../lib/gcc/i686-w64-mingw32/4.8.0/../../../../lib/libQt5Widgets.a(d005679.o)
                0x00438a68                QLineEdit::mouseMoveEvent(QMouseEvent*)
 .text          0x00438a70        0x8 c:/progra~2/vt3/resour~1/mingw/bin/../lib/gcc/i686-w64-mingw32/4.8.0/../../../../lib/libQt5Widgets.a(d005089.o)
                0x00438a70                QWidget::wheelEvent(QWheelEvent*)
 .text          0x00438a78        0x8 c:/progra~2/vt3/resour~1/mingw/bin/../lib/gcc/i686-w64-mingw32/4.8.0/../../../../lib/libQt5Widgets.a(d005150.o)
                0x00438a78                QWidget::keyReleaseEvent(QKeyEvent*)
 .text          0x00438a80        0x8 c:/progra~2/vt3/resour~1/mingw/bin/../lib/gcc/i686-w64-mingw32/4.8.0/../../../../lib/libQt5Widgets.a(d005673.o)
                0x00438a80                QLineEdit::focusOutEvent(QFocusEvent*)
 .text          0x00438a88        0x8 c:/progra~2/vt3/resour~1/mingw/bin/../lib/gcc/i686-w64-mingw32/4.8.0/../../../../lib/libQt5Widgets.a(d005079.o)
                0x00438a88                QWidget::enterEvent(QEvent*)
 .text          0x00438a90        0x8 c:/progra~2/vt3/resour~1/mingw/bin/../lib/gcc/i686-w64-mingw32/4.8.0/../../../../lib/libQt5Widgets.a(d005080.o)
                0x00438a90                QWidget::leaveEvent(QEvent*)
 .text          0x00438a98        0x8 c:/progra~2/vt3/resour~1/mingw/bin/../lib/gcc/i686-w64-mingw32/4.8.0/../../../../lib/libQt5Widgets.a(d005655.o)
                0x00438a98                QLineEdit::paintEvent(QPaintEvent*)
 .text          0x00438aa0        0x8 c:/progra~2/vt3/resour~1/mingw/bin/../lib/gcc/i686-w64-mingw32/4.8.0/../../../../lib/libQt5Widgets.a(d005237.o)
                0x00438aa0                QWidget::moveEvent(QMoveEvent*)